Archive member included to satisfy reference by file (symbol)

c:/program files (x86)/atmel/studio/7.0/toolchain/avr8/avr8-gnu-toolchain/bin/../lib/gcc/avr/5.4.0/../../../../avr/lib/avrxmega3\libm.a(addsf3.o)
                              main.o (__subsf3)
c:/program files (x86)/atmel/studio/7.0/toolchain/avr8/avr8-gnu-toolchain/bin/../lib/gcc/avr/5.4.0/../../../../avr/lib/avrxmega3\libm.a(addsf3x.o)
                              c:/program files (x86)/atmel/studio/7.0/toolchain/avr8/avr8-gnu-toolchain/bin/../lib/gcc/avr/5.4.0/../../../../avr/lib/avrxmega3\libm.a(addsf3.o) (__addsf3x)
c:/program files (x86)/atmel/studio/7.0/toolchain/avr8/avr8-gnu-toolchain/bin/../lib/gcc/avr/5.4.0/../../../../avr/lib/avrxmega3\libm.a(cmpsf2.o)
                              main.o (__ltsf2)
c:/program files (x86)/atmel/studio/7.0/toolchain/avr8/avr8-gnu-toolchain/bin/../lib/gcc/avr/5.4.0/../../../../avr/lib/avrxmega3\libm.a(divsf3.o)
                              main.o (__divsf3)
c:/program files (x86)/atmel/studio/7.0/toolchain/avr8/avr8-gnu-toolchain/bin/../lib/gcc/avr/5.4.0/../../../../avr/lib/avrxmega3\libm.a(divsf3x.o)
                              c:/program files (x86)/atmel/studio/7.0/toolchain/avr8/avr8-gnu-toolchain/bin/../lib/gcc/avr/5.4.0/../../../../avr/lib/avrxmega3\libm.a(divsf3.o) (__divsf3x)
c:/program files (x86)/atmel/studio/7.0/toolchain/avr8/avr8-gnu-toolchain/bin/../lib/gcc/avr/5.4.0/../../../../avr/lib/avrxmega3\libm.a(fixunssfsi.o)
                              main.o (__fixunssfsi)
c:/program files (x86)/atmel/studio/7.0/toolchain/avr8/avr8-gnu-toolchain/bin/../lib/gcc/avr/5.4.0/../../../../avr/lib/avrxmega3\libm.a(floatsisf.o)
                              main.o (__floatunsisf)
c:/program files (x86)/atmel/studio/7.0/toolchain/avr8/avr8-gnu-toolchain/bin/../lib/gcc/avr/5.4.0/../../../../avr/lib/avrxmega3\libm.a(fp_cmp.o)
                              c:/program files (x86)/atmel/studio/7.0/toolchain/avr8/avr8-gnu-toolchain/bin/../lib/gcc/avr/5.4.0/../../../../avr/lib/avrxmega3\libm.a(cmpsf2.o) (__fp_cmp)
c:/program files (x86)/atmel/studio/7.0/toolchain/avr8/avr8-gnu-toolchain/bin/../lib/gcc/avr/5.4.0/../../../../avr/lib/avrxmega3\libm.a(fp_inf.o)
                              c:/program files (x86)/atmel/studio/7.0/toolchain/avr8/avr8-gnu-toolchain/bin/../lib/gcc/avr/5.4.0/../../../../avr/lib/avrxmega3\libm.a(addsf3x.o) (__fp_inf)
c:/program files (x86)/atmel/studio/7.0/toolchain/avr8/avr8-gnu-toolchain/bin/../lib/gcc/avr/5.4.0/../../../../avr/lib/avrxmega3\libm.a(fp_nan.o)
                              c:/program files (x86)/atmel/studio/7.0/toolchain/avr8/avr8-gnu-toolchain/bin/../lib/gcc/avr/5.4.0/../../../../avr/lib/avrxmega3\libm.a(addsf3x.o) (__fp_nan)
c:/program files (x86)/atmel/studio/7.0/toolchain/avr8/avr8-gnu-toolchain/bin/../lib/gcc/avr/5.4.0/../../../../avr/lib/avrxmega3\libm.a(fp_pscA.o)
                              c:/program files (x86)/atmel/studio/7.0/toolchain/avr8/avr8-gnu-toolchain/bin/../lib/gcc/avr/5.4.0/../../../../avr/lib/avrxmega3\libm.a(addsf3x.o) (__fp_pscA)
c:/program files (x86)/atmel/studio/7.0/toolchain/avr8/avr8-gnu-toolchain/bin/../lib/gcc/avr/5.4.0/../../../../avr/lib/avrxmega3\libm.a(fp_pscB.o)
                              c:/program files (x86)/atmel/studio/7.0/toolchain/avr8/avr8-gnu-toolchain/bin/../lib/gcc/avr/5.4.0/../../../../avr/lib/avrxmega3\libm.a(addsf3x.o) (__fp_pscB)
c:/program files (x86)/atmel/studio/7.0/toolchain/avr8/avr8-gnu-toolchain/bin/../lib/gcc/avr/5.4.0/../../../../avr/lib/avrxmega3\libm.a(fp_round.o)
                              c:/program files (x86)/atmel/studio/7.0/toolchain/avr8/avr8-gnu-toolchain/bin/../lib/gcc/avr/5.4.0/../../../../avr/lib/avrxmega3\libm.a(addsf3.o) (__fp_round)
c:/program files (x86)/atmel/studio/7.0/toolchain/avr8/avr8-gnu-toolchain/bin/../lib/gcc/avr/5.4.0/../../../../avr/lib/avrxmega3\libm.a(fp_split3.o)
                              c:/program files (x86)/atmel/studio/7.0/toolchain/avr8/avr8-gnu-toolchain/bin/../lib/gcc/avr/5.4.0/../../../../avr/lib/avrxmega3\libm.a(addsf3x.o) (__fp_split3)
c:/program files (x86)/atmel/studio/7.0/toolchain/avr8/avr8-gnu-toolchain/bin/../lib/gcc/avr/5.4.0/../../../../avr/lib/avrxmega3\libm.a(fp_zero.o)
                              c:/program files (x86)/atmel/studio/7.0/toolchain/avr8/avr8-gnu-toolchain/bin/../lib/gcc/avr/5.4.0/../../../../avr/lib/avrxmega3\libm.a(addsf3x.o) (__fp_zero)
c:/program files (x86)/atmel/studio/7.0/toolchain/avr8/avr8-gnu-toolchain/bin/../lib/gcc/avr/5.4.0/../../../../avr/lib/avrxmega3\libm.a(gesf2.o)
                              main.o (__gtsf2)
c:/program files (x86)/atmel/studio/7.0/toolchain/avr8/avr8-gnu-toolchain/bin/../lib/gcc/avr/5.4.0/../../../../avr/lib/avrxmega3\libm.a(mulsf3.o)
                              main.o (__mulsf3)
c:/program files (x86)/atmel/studio/7.0/toolchain/avr8/avr8-gnu-toolchain/bin/../lib/gcc/avr/5.4.0/../../../../avr/lib/avrxmega3\libm.a(mulsf3x.o)
                              c:/program files (x86)/atmel/studio/7.0/toolchain/avr8/avr8-gnu-toolchain/bin/../lib/gcc/avr/5.4.0/../../../../avr/lib/avrxmega3\libm.a(mulsf3.o) (__mulsf3x)
c:/program files (x86)/atmel/studio/7.0/toolchain/avr8/avr8-gnu-toolchain/bin/../lib/gcc/avr/5.4.0/avrxmega3\libgcc.a(_exit.o)
                              C:/Program Files (x86)/Atmel/Studio/7.0/Packs/Atmel/ATmega_DFP/1.3.300/gcc/dev/atmega4809/avrxmega3/crtatmega4809.o (exit)
c:/program files (x86)/atmel/studio/7.0/toolchain/avr8/avr8-gnu-toolchain/bin/../lib/gcc/avr/5.4.0/avrxmega3\libgcc.a(_copy_data.o)
                              src/i2c_master.o (__do_copy_data)
c:/program files (x86)/atmel/studio/7.0/toolchain/avr8/avr8-gnu-toolchain/bin/../lib/gcc/avr/5.4.0/avrxmega3\libgcc.a(_clear_bss.o)
                              examples/src/i2c_master_example.o (__do_clear_bss)
c:/program files (x86)/atmel/studio/7.0/toolchain/avr8/avr8-gnu-toolchain/bin/../lib/gcc/avr/5.4.0/../../../../avr/lib/avrxmega3\libc.a(memset.o)
                              examples/src/usart_basic_example.o (memset)
c:/program files (x86)/atmel/studio/7.0/toolchain/avr8/avr8-gnu-toolchain/bin/../lib/gcc/avr/5.4.0/../../../../avr/lib/avrxmega3\libc.a(strcmp.o)
                              lora_handling.o (strcmp)
c:/program files (x86)/atmel/studio/7.0/toolchain/avr8/avr8-gnu-toolchain/bin/../lib/gcc/avr/5.4.0/../../../../avr/lib/avrxmega3\libc.a(strcpy.o)
                              examples/src/click_example.o (strcpy)
c:/program files (x86)/atmel/studio/7.0/toolchain/avr8/avr8-gnu-toolchain/bin/../lib/gcc/avr/5.4.0/../../../../avr/lib/avrxmega3\libc.a(strncmp.o)
                              examples/src/usart_basic_example.o (strncmp)
c:/program files (x86)/atmel/studio/7.0/toolchain/avr8/avr8-gnu-toolchain/bin/../lib/gcc/avr/5.4.0/../../../../avr/lib/avrxmega3\libc.a(strncpy.o)
                              lora_handling.o (strncpy)
c:/program files (x86)/atmel/studio/7.0/toolchain/avr8/avr8-gnu-toolchain/bin/../lib/gcc/avr/5.4.0/../../../../avr/lib/avrxmega3\libc.a(iob.o)
                              src/usart_basic.o (__iob)
c:/program files (x86)/atmel/studio/7.0/toolchain/avr8/avr8-gnu-toolchain/bin/../lib/gcc/avr/5.4.0/../../../../avr/lib/avrxmega3\libc.a(printf.o)
                              examples/src/usart_basic_example.o (printf)
c:/program files (x86)/atmel/studio/7.0/toolchain/avr8/avr8-gnu-toolchain/bin/../lib/gcc/avr/5.4.0/../../../../avr/lib/avrxmega3\libc.a(snprintf.o)
                              lora_handling.o (snprintf)
c:/program files (x86)/atmel/studio/7.0/toolchain/avr8/avr8-gnu-toolchain/bin/../lib/gcc/avr/5.4.0/../../../../avr/lib/avrxmega3\libc.a(vfprintf_std.o)
                              c:/program files (x86)/atmel/studio/7.0/toolchain/avr8/avr8-gnu-toolchain/bin/../lib/gcc/avr/5.4.0/../../../../avr/lib/avrxmega3\libc.a(printf.o) (vfprintf)
c:/program files (x86)/atmel/studio/7.0/toolchain/avr8/avr8-gnu-toolchain/bin/../lib/gcc/avr/5.4.0/../../../../avr/lib/avrxmega3\libc.a(strnlen_P.o)
                              c:/program files (x86)/atmel/studio/7.0/toolchain/avr8/avr8-gnu-toolchain/bin/../lib/gcc/avr/5.4.0/../../../../avr/lib/avrxmega3\libc.a(vfprintf_std.o) (strnlen_P)
c:/program files (x86)/atmel/studio/7.0/toolchain/avr8/avr8-gnu-toolchain/bin/../lib/gcc/avr/5.4.0/../../../../avr/lib/avrxmega3\libc.a(strnlen.o)
                              c:/program files (x86)/atmel/studio/7.0/toolchain/avr8/avr8-gnu-toolchain/bin/../lib/gcc/avr/5.4.0/../../../../avr/lib/avrxmega3\libc.a(vfprintf_std.o) (strnlen)
c:/program files (x86)/atmel/studio/7.0/toolchain/avr8/avr8-gnu-toolchain/bin/../lib/gcc/avr/5.4.0/../../../../avr/lib/avrxmega3\libc.a(fputc.o)
                              c:/program files (x86)/atmel/studio/7.0/toolchain/avr8/avr8-gnu-toolchain/bin/../lib/gcc/avr/5.4.0/../../../../avr/lib/avrxmega3\libc.a(vfprintf_std.o) (fputc)
c:/program files (x86)/atmel/studio/7.0/toolchain/avr8/avr8-gnu-toolchain/bin/../lib/gcc/avr/5.4.0/../../../../avr/lib/avrxmega3\libc.a(ultoa_invert.o)
                              c:/program files (x86)/atmel/studio/7.0/toolchain/avr8/avr8-gnu-toolchain/bin/../lib/gcc/avr/5.4.0/../../../../avr/lib/avrxmega3\libc.a(vfprintf_std.o) (__ultoa_invert)
c:/program files (x86)/atmel/studio/7.0/toolchain/avr8/avr8-gnu-toolchain/bin/../lib/gcc/avr/5.4.0/avrxmega3\libgcc.a(_prologue.o)
                              c:/program files (x86)/atmel/studio/7.0/toolchain/avr8/avr8-gnu-toolchain/bin/../lib/gcc/avr/5.4.0/../../../../avr/lib/avrxmega3\libc.a(printf.o) (__prologue_saves__)
c:/program files (x86)/atmel/studio/7.0/toolchain/avr8/avr8-gnu-toolchain/bin/../lib/gcc/avr/5.4.0/avrxmega3\libgcc.a(_epilogue.o)
                              c:/program files (x86)/atmel/studio/7.0/toolchain/avr8/avr8-gnu-toolchain/bin/../lib/gcc/avr/5.4.0/../../../../avr/lib/avrxmega3\libc.a(printf.o) (__epilogue_restores__)

Allocating common symbols
Common symbol       size              file

sensor_data         0x1e              main.o
response            0x28              lora_handling.o
command             0x2               main.o
temperature         0x4               main.o
humidity            0x4               main.o
reply               0xa               main.o
read_data           0x2               examples/src/i2c_master_example.o
complete_command    0x64              lora_handling.o
transmission_command
                    0x64              lora_handling.o
__iob               0x6               c:/program files (x86)/atmel/studio/7.0/toolchain/avr8/avr8-gnu-toolchain/bin/../lib/gcc/avr/5.4.0/../../../../avr/lib/avrxmega3\libc.a(iob.o)

Discarded input sections

 .data          0x00000000        0x0 C:/Program Files (x86)/Atmel/Studio/7.0/Packs/Atmel/ATmega_DFP/1.3.300/gcc/dev/atmega4809/avrxmega3/crtatmega4809.o
 .bss           0x00000000        0x0 C:/Program Files (x86)/Atmel/Studio/7.0/Packs/Atmel/ATmega_DFP/1.3.300/gcc/dev/atmega4809/avrxmega3/crtatmega4809.o
 .text          0x00000000        0x0 atmel_start.o
 .data          0x00000000        0x0 atmel_start.o
 .bss           0x00000000        0x0 atmel_start.o
 .text          0x00000000        0x0 driver_isr.o
 .data          0x00000000        0x0 driver_isr.o
 .bss           0x00000000        0x0 driver_isr.o
 .text          0x00000000        0x0 examples/src/click_example.o
 .data          0x00000000        0x0 examples/src/click_example.o
 .bss           0x00000000        0x0 examples/src/click_example.o
 .rodata        0x00000000       0x11 examples/src/click_example.o
 .text.LoRa2_Example
                0x00000000       0x8c examples/src/click_example.o
 .debug_info    0x00000000       0xbd examples/src/click_example.o
 .debug_abbrev  0x00000000       0x70 examples/src/click_example.o
 .debug_loc     0x00000000       0x47 examples/src/click_example.o
 .debug_aranges
                0x00000000       0x20 examples/src/click_example.o
 .debug_ranges  0x00000000       0x10 examples/src/click_example.o
 .debug_line    0x00000000       0xa1 examples/src/click_example.o
 .debug_str     0x00000000      0x1c1 examples/src/click_example.o
 .comment       0x00000000       0x31 examples/src/click_example.o
 .debug_frame   0x00000000       0x34 examples/src/click_example.o
 .text          0x00000000        0x0 examples/src/i2c_master_example.o
 .data          0x00000000        0x0 examples/src/i2c_master_example.o
 .bss           0x00000000        0x0 examples/src/i2c_master_example.o
 .text.I2C_MASTER_read_handler
                0x00000000       0x4e examples/src/i2c_master_example.o
 .text.I2C_MASTER_do_transfer
                0x00000000       0x72 examples/src/i2c_master_example.o
 .text.I2C_MASTER_test_i2c_master
                0x00000000       0x1c examples/src/i2c_master_example.o
 .debug_info    0x00000000      0x1d4 examples/src/i2c_master_example.o
 .debug_abbrev  0x00000000      0x12c examples/src/i2c_master_example.o
 .debug_loc     0x00000000       0xca examples/src/i2c_master_example.o
 .debug_aranges
                0x00000000       0x30 examples/src/i2c_master_example.o
 .debug_ranges  0x00000000       0x20 examples/src/i2c_master_example.o
 .debug_line    0x00000000      0x168 examples/src/i2c_master_example.o
 .debug_str     0x00000000      0x28f examples/src/i2c_master_example.o
 .comment       0x00000000       0x31 examples/src/i2c_master_example.o
 .debug_frame   0x00000000       0x74 examples/src/i2c_master_example.o
 COMMON         0x00000000        0x2 examples/src/i2c_master_example.o
 .text          0x00000000        0x0 examples/src/usart_basic_example.o
 .data          0x00000000        0x0 examples/src/usart_basic_example.o
 .bss           0x00000000        0x0 examples/src/usart_basic_example.o
 .bss.rx        0x00000000       0x10 examples/src/usart_basic_example.o
 .rodata        0x00000000        0x9 examples/src/usart_basic_example.o
 .text.LoRa_test_usart_basic
                0x00000000       0x98 examples/src/usart_basic_example.o
 .text.Terminal_test_usart_basic
                0x00000000       0x98 examples/src/usart_basic_example.o
 .debug_info    0x00000000       0xf1 examples/src/usart_basic_example.o
 .debug_abbrev  0x00000000       0x76 examples/src/usart_basic_example.o
 .debug_loc     0x00000000       0xc4 examples/src/usart_basic_example.o
 .debug_aranges
                0x00000000       0x28 examples/src/usart_basic_example.o
 .debug_ranges  0x00000000       0x18 examples/src/usart_basic_example.o
 .debug_line    0x00000000      0x172 examples/src/usart_basic_example.o
 .debug_str     0x00000000      0x1d2 examples/src/usart_basic_example.o
 .comment       0x00000000       0x31 examples/src/usart_basic_example.o
 .debug_frame   0x00000000       0x6c examples/src/usart_basic_example.o
 .text          0x00000000        0x0 lora_handling.o
 .data          0x00000000        0x0 lora_handling.o
 .bss           0x00000000        0x0 lora_handling.o
 .rodata.gwnb   0x00000000        0x5 lora_handling.o
 .rodata.RN_cmd_mac_set
                0x00000000        0x8 lora_handling.o
 .rodata.channel
                0x00000000        0x3 lora_handling.o
 .rodata.RN_cmd_mac_set_adr
                0x00000000        0xf lora_handling.o
 .rodata.RN_cmd_mac_set_lnkchk
                0x00000000       0x14 lora_handling.o
 .rodata.RN_cmd_sys_sleep
                0x00000000        0xa lora_handling.o
 .rodata.confirmed_transmission
                0x00000000        0x6 lora_handling.o
 .text          0x00000000        0x0 low_power.o
 .data          0x00000000        0x0 low_power.o
 .bss           0x00000000        0x0 low_power.o
 .text.initLowPower
                0x00000000       0x3c low_power.o
 .text.deinitLowPower
                0x00000000       0x3c low_power.o
 .text.LOW_POWER_disableWINC
                0x00000000       0x10 low_power.o
 .text.tcbDisable
                0x00000000       0x22 low_power.o
 .text.tcbEnable
                0x00000000       0x22 low_power.o
 .rodata        0x00000000       0x33 low_power.o
 .text.LOW_POWER_enterLowPower
                0x00000000       0x8c low_power.o
 .text.LOW_POWER_exitLowPower
                0x00000000       0x76 low_power.o
 .text          0x00000000        0x0 main.o
 .data          0x00000000        0x0 main.o
 .bss           0x00000000        0x0 main.o
 .text          0x00000000        0x0 sht3x.o
 .data          0x00000000        0x0 sht3x.o
 .bss           0x00000000        0x0 sht3x.o
 .text.SHT3x_readByte
                0x00000000       0x1c sht3x.o
 .debug_info    0x00000000       0x9d sht3x.o
 .debug_abbrev  0x00000000       0x62 sht3x.o
 .debug_loc     0x00000000       0x48 sht3x.o
 .debug_aranges
                0x00000000       0x20 sht3x.o
 .debug_ranges  0x00000000       0x10 sht3x.o
 .debug_line    0x00000000       0xa8 sht3x.o
 .debug_str     0x00000000      0x198 sht3x.o
 .comment       0x00000000       0x31 sht3x.o
 .debug_frame   0x00000000       0x34 sht3x.o
 .text          0x00000000        0x0 src/bod.o
 .data          0x00000000        0x0 src/bod.o
 .bss           0x00000000        0x0 src/bod.o
 .text          0x00000000        0x0 src/clkctrl.o
 .data          0x00000000        0x0 src/clkctrl.o
 .bss           0x00000000        0x0 src/clkctrl.o
 .text          0x00000000        0x0 src/cpuint.o
 .data          0x00000000        0x0 src/cpuint.o
 .bss           0x00000000        0x0 src/cpuint.o
 .text          0x00000000        0x0 src/driver_init.o
 .data          0x00000000        0x0 src/driver_init.o
 .bss           0x00000000        0x0 src/driver_init.o
 .text          0x00000000        0x0 src/driver_rn2903.o
 .data          0x00000000        0x0 src/driver_rn2903.o
 .bss           0x00000000        0x0 src/driver_rn2903.o
 .text.PORTA_get_pin_level
                0x00000000       0x42 src/driver_rn2903.o
 .text.RTS_PIN_get_level
                0x00000000       0x14 src/driver_rn2903.o
 .text.CTS_PIN_set_level
                0x00000000       0x1e src/driver_rn2903.o
 .text.rn2903_GetRTS
                0x00000000       0x12 src/driver_rn2903.o
 .text.rn2903_SetCTS
                0x00000000       0x1c src/driver_rn2903.o
 .text          0x00000000        0x0 src/i2c_master.o
 .data          0x00000000        0x0 src/i2c_master.o
 .bss           0x00000000        0x0 src/i2c_master.o
 .text.I2C_MASTER_set_data_complete_callback
                0x00000000       0x34 src/i2c_master.o
 .text.I2C_MASTER_set_write_collision_callback
                0x00000000       0x34 src/i2c_master.o
 .text.I2C_MASTER_set_data_nack_callback
                0x00000000       0x34 src/i2c_master.o
 .text.I2C_MASTER_set_timeout_callback
                0x00000000       0x34 src/i2c_master.o
 .text.I2C_MASTER_set_address
                0x00000000       0x1c src/i2c_master.o
 .text.I2C_MASTER_set_timeout
                0x00000000       0x48 src/i2c_master.o
 .text.I2C_MASTER_set_baud_rate
                0x00000000       0x8a src/i2c_master.o
 .text          0x00000000        0x0 src/i2c_simple_master.o
 .data          0x00000000        0x0 src/i2c_simple_master.o
 .bss           0x00000000        0x0 src/i2c_simple_master.o
 .text.I2C_MASTER_wr1RegCompleteHandler
                0x00000000       0x32 src/i2c_simple_master.o
 .text.I2C_MASTER_write1ByteRegister
                0x00000000       0x60 src/i2c_simple_master.o
 .text.I2C_MASTER_rd1RegCompleteHandler
                0x00000000       0x32 src/i2c_simple_master.o
 .text.I2C_MASTER_read1ByteRegister
                0x00000000       0x8c src/i2c_simple_master.o
 .text.I2C_MASTER_rd2RegCompleteHandler
                0x00000000       0x32 src/i2c_simple_master.o
 .text.I2C_MASTER_read2ByteRegister
                0x00000000       0x66 src/i2c_simple_master.o
 .text.I2C_MASTER_wr2RegCompleteHandler
                0x00000000       0x32 src/i2c_simple_master.o
 .text.I2C_MASTER_write2ByteRegister
                0x00000000       0x62 src/i2c_simple_master.o
 .text.I2C_MASTER_rdBlkRegCompleteHandler
                0x00000000       0x40 src/i2c_simple_master.o
 .text.I2C_MASTER_readDataBlock
                0x00000000       0x78 src/i2c_simple_master.o
 .text          0x00000000        0x0 src/i2c_types.o
 .data          0x00000000        0x0 src/i2c_types.o
 .bss           0x00000000        0x0 src/i2c_types.o
 .text.i2c_cb_return_stop
                0x00000000       0x1a src/i2c_types.o
 .text.i2c_cb_return_reset
                0x00000000       0x1a src/i2c_types.o
 .text.i2c_cb_restart_read
                0x00000000       0x1a src/i2c_types.o
 .text          0x00000000        0x0 src/lora2_click.o
 .data          0x00000000        0x0 src/lora2_click.o
 .bss           0x00000000        0x0 src/lora2_click.o
 .text          0x00000000        0x0 src/protected_io.o
 .data          0x00000000        0x0 src/protected_io.o
 .bss           0x00000000        0x0 src/protected_io.o
 .text          0x00000000        0x0 src/slpctrl.o
 .data          0x00000000        0x0 src/slpctrl.o
 .bss           0x00000000        0x0 src/slpctrl.o
 .text          0x00000000        0x0 src/tcb.o
 .data          0x00000000        0x0 src/tcb.o
 .bss           0x00000000        0x0 src/tcb.o
 .text          0x00000000        0x0 src/usart_basic.o
 .data          0x00000000        0x0 src/usart_basic.o
 .bss           0x00000000        0x0 src/usart_basic.o
 .text.LoRa_is_tx_ready
                0x00000000       0x1a src/usart_basic.o
 .text.LoRa_is_rx_ready
                0x00000000       0x1a src/usart_basic.o
 .text.LoRa_is_tx_busy
                0x00000000       0x28 src/usart_basic.o
 .text.LoRa_read
                0x00000000       0x4e src/usart_basic.o
 .text.LoRa_enable
                0x00000000       0x22 src/usart_basic.o
 .text.LoRa_enable_rx
                0x00000000       0x22 src/usart_basic.o
 .text.LoRa_enable_tx
                0x00000000       0x22 src/usart_basic.o
 .text.LoRa_disable
                0x00000000       0x22 src/usart_basic.o
 .text.Terminal_set_ISR_cb
                0x00000000       0x4e src/usart_basic.o
 .text.Terminal_is_tx_ready
                0x00000000       0x1a src/usart_basic.o
 .text.Terminal_is_rx_ready
                0x00000000       0x1a src/usart_basic.o
 .text.Terminal_is_tx_busy
                0x00000000       0x28 src/usart_basic.o
 .text.Terminal_read
                0x00000000       0x4e src/usart_basic.o
 .text.Terminal_enable
                0x00000000       0x22 src/usart_basic.o
 .text.Terminal_enable_rx
                0x00000000       0x22 src/usart_basic.o
 .text.Terminal_enable_tx
                0x00000000       0x22 src/usart_basic.o
 .text.Terminal_disable
                0x00000000       0x22 src/usart_basic.o
 .text.Terminal_get_data
                0x00000000       0x16 src/usart_basic.o
 .text          0x00000000        0x0 c:/program files (x86)/atmel/studio/7.0/toolchain/avr8/avr8-gnu-toolchain/bin/../lib/gcc/avr/5.4.0/../../../../avr/lib/avrxmega3\libm.a(addsf3.o)
 .data          0x00000000        0x0 c:/program files (x86)/atmel/studio/7.0/toolchain/avr8/avr8-gnu-toolchain/bin/../lib/gcc/avr/5.4.0/../../../../avr/lib/avrxmega3\libm.a(addsf3.o)
 .bss           0x00000000        0x0 c:/program files (x86)/atmel/studio/7.0/toolchain/avr8/avr8-gnu-toolchain/bin/../lib/gcc/avr/5.4.0/../../../../avr/lib/avrxmega3\libm.a(addsf3.o)
 .text          0x00000000        0x0 c:/program files (x86)/atmel/studio/7.0/toolchain/avr8/avr8-gnu-toolchain/bin/../lib/gcc/avr/5.4.0/../../../../avr/lib/avrxmega3\libm.a(addsf3x.o)
 .data          0x00000000        0x0 c:/program files (x86)/atmel/studio/7.0/toolchain/avr8/avr8-gnu-toolchain/bin/../lib/gcc/avr/5.4.0/../../../../avr/lib/avrxmega3\libm.a(addsf3x.o)
 .bss           0x00000000        0x0 c:/program files (x86)/atmel/studio/7.0/toolchain/avr8/avr8-gnu-toolchain/bin/../lib/gcc/avr/5.4.0/../../../../avr/lib/avrxmega3\libm.a(addsf3x.o)
 .text          0x00000000        0x0 c:/program files (x86)/atmel/studio/7.0/toolchain/avr8/avr8-gnu-toolchain/bin/../lib/gcc/avr/5.4.0/../../../../avr/lib/avrxmega3\libm.a(cmpsf2.o)
 .data          0x00000000        0x0 c:/program files (x86)/atmel/studio/7.0/toolchain/avr8/avr8-gnu-toolchain/bin/../lib/gcc/avr/5.4.0/../../../../avr/lib/avrxmega3\libm.a(cmpsf2.o)
 .bss           0x00000000        0x0 c:/program files (x86)/atmel/studio/7.0/toolchain/avr8/avr8-gnu-toolchain/bin/../lib/gcc/avr/5.4.0/../../../../avr/lib/avrxmega3\libm.a(cmpsf2.o)
 .text          0x00000000        0x0 c:/program files (x86)/atmel/studio/7.0/toolchain/avr8/avr8-gnu-toolchain/bin/../lib/gcc/avr/5.4.0/../../../../avr/lib/avrxmega3\libm.a(divsf3.o)
 .data          0x00000000        0x0 c:/program files (x86)/atmel/studio/7.0/toolchain/avr8/avr8-gnu-toolchain/bin/../lib/gcc/avr/5.4.0/../../../../avr/lib/avrxmega3\libm.a(divsf3.o)
 .bss           0x00000000        0x0 c:/program files (x86)/atmel/studio/7.0/toolchain/avr8/avr8-gnu-toolchain/bin/../lib/gcc/avr/5.4.0/../../../../avr/lib/avrxmega3\libm.a(divsf3.o)
 .text          0x00000000        0x0 c:/program files (x86)/atmel/studio/7.0/toolchain/avr8/avr8-gnu-toolchain/bin/../lib/gcc/avr/5.4.0/../../../../avr/lib/avrxmega3\libm.a(divsf3x.o)
 .data          0x00000000        0x0 c:/program files (x86)/atmel/studio/7.0/toolchain/avr8/avr8-gnu-toolchain/bin/../lib/gcc/avr/5.4.0/../../../../avr/lib/avrxmega3\libm.a(divsf3x.o)
 .bss           0x00000000        0x0 c:/program files (x86)/atmel/studio/7.0/toolchain/avr8/avr8-gnu-toolchain/bin/../lib/gcc/avr/5.4.0/../../../../avr/lib/avrxmega3\libm.a(divsf3x.o)
 .text          0x00000000        0x0 c:/program files (x86)/atmel/studio/7.0/toolchain/avr8/avr8-gnu-toolchain/bin/../lib/gcc/avr/5.4.0/../../../../avr/lib/avrxmega3\libm.a(fixunssfsi.o)
 .data          0x00000000        0x0 c:/program files (x86)/atmel/studio/7.0/toolchain/avr8/avr8-gnu-toolchain/bin/../lib/gcc/avr/5.4.0/../../../../avr/lib/avrxmega3\libm.a(fixunssfsi.o)
 .bss           0x00000000        0x0 c:/program files (x86)/atmel/studio/7.0/toolchain/avr8/avr8-gnu-toolchain/bin/../lib/gcc/avr/5.4.0/../../../../avr/lib/avrxmega3\libm.a(fixunssfsi.o)
 .text          0x00000000        0x0 c:/program files (x86)/atmel/studio/7.0/toolchain/avr8/avr8-gnu-toolchain/bin/../lib/gcc/avr/5.4.0/../../../../avr/lib/avrxmega3\libm.a(floatsisf.o)
 .data          0x00000000        0x0 c:/program files (x86)/atmel/studio/7.0/toolchain/avr8/avr8-gnu-toolchain/bin/../lib/gcc/avr/5.4.0/../../../../avr/lib/avrxmega3\libm.a(floatsisf.o)
 .bss           0x00000000        0x0 c:/program files (x86)/atmel/studio/7.0/toolchain/avr8/avr8-gnu-toolchain/bin/../lib/gcc/avr/5.4.0/../../../../avr/lib/avrxmega3\libm.a(floatsisf.o)
 .text          0x00000000        0x0 c:/program files (x86)/atmel/studio/7.0/toolchain/avr8/avr8-gnu-toolchain/bin/../lib/gcc/avr/5.4.0/../../../../avr/lib/avrxmega3\libm.a(fp_cmp.o)
 .data          0x00000000        0x0 c:/program files (x86)/atmel/studio/7.0/toolchain/avr8/avr8-gnu-toolchain/bin/../lib/gcc/avr/5.4.0/../../../../avr/lib/avrxmega3\libm.a(fp_cmp.o)
 .bss           0x00000000        0x0 c:/program files (x86)/atmel/studio/7.0/toolchain/avr8/avr8-gnu-toolchain/bin/../lib/gcc/avr/5.4.0/../../../../avr/lib/avrxmega3\libm.a(fp_cmp.o)
 .text          0x00000000        0x0 c:/program files (x86)/atmel/studio/7.0/toolchain/avr8/avr8-gnu-toolchain/bin/../lib/gcc/avr/5.4.0/../../../../avr/lib/avrxmega3\libm.a(fp_inf.o)
 .data          0x00000000        0x0 c:/program files (x86)/atmel/studio/7.0/toolchain/avr8/avr8-gnu-toolchain/bin/../lib/gcc/avr/5.4.0/../../../../avr/lib/avrxmega3\libm.a(fp_inf.o)
 .bss           0x00000000        0x0 c:/program files (x86)/atmel/studio/7.0/toolchain/avr8/avr8-gnu-toolchain/bin/../lib/gcc/avr/5.4.0/../../../../avr/lib/avrxmega3\libm.a(fp_inf.o)
 .text          0x00000000        0x0 c:/program files (x86)/atmel/studio/7.0/toolchain/avr8/avr8-gnu-toolchain/bin/../lib/gcc/avr/5.4.0/../../../../avr/lib/avrxmega3\libm.a(fp_nan.o)
 .data          0x00000000        0x0 c:/program files (x86)/atmel/studio/7.0/toolchain/avr8/avr8-gnu-toolchain/bin/../lib/gcc/avr/5.4.0/../../../../avr/lib/avrxmega3\libm.a(fp_nan.o)
 .bss           0x00000000        0x0 c:/program files (x86)/atmel/studio/7.0/toolchain/avr8/avr8-gnu-toolchain/bin/../lib/gcc/avr/5.4.0/../../../../avr/lib/avrxmega3\libm.a(fp_nan.o)
 .text          0x00000000        0x0 c:/program files (x86)/atmel/studio/7.0/toolchain/avr8/avr8-gnu-toolchain/bin/../lib/gcc/avr/5.4.0/../../../../avr/lib/avrxmega3\libm.a(fp_pscA.o)
 .data          0x00000000        0x0 c:/program files (x86)/atmel/studio/7.0/toolchain/avr8/avr8-gnu-toolchain/bin/../lib/gcc/avr/5.4.0/../../../../avr/lib/avrxmega3\libm.a(fp_pscA.o)
 .bss           0x00000000        0x0 c:/program files (x86)/atmel/studio/7.0/toolchain/avr8/avr8-gnu-toolchain/bin/../lib/gcc/avr/5.4.0/../../../../avr/lib/avrxmega3\libm.a(fp_pscA.o)
 .text          0x00000000        0x0 c:/program files (x86)/atmel/studio/7.0/toolchain/avr8/avr8-gnu-toolchain/bin/../lib/gcc/avr/5.4.0/../../../../avr/lib/avrxmega3\libm.a(fp_pscB.o)
 .data          0x00000000        0x0 c:/program files (x86)/atmel/studio/7.0/toolchain/avr8/avr8-gnu-toolchain/bin/../lib/gcc/avr/5.4.0/../../../../avr/lib/avrxmega3\libm.a(fp_pscB.o)
 .bss           0x00000000        0x0 c:/program files (x86)/atmel/studio/7.0/toolchain/avr8/avr8-gnu-toolchain/bin/../lib/gcc/avr/5.4.0/../../../../avr/lib/avrxmega3\libm.a(fp_pscB.o)
 .text          0x00000000        0x0 c:/program files (x86)/atmel/studio/7.0/toolchain/avr8/avr8-gnu-toolchain/bin/../lib/gcc/avr/5.4.0/../../../../avr/lib/avrxmega3\libm.a(fp_round.o)
 .data          0x00000000        0x0 c:/program files (x86)/atmel/studio/7.0/toolchain/avr8/avr8-gnu-toolchain/bin/../lib/gcc/avr/5.4.0/../../../../avr/lib/avrxmega3\libm.a(fp_round.o)
 .bss           0x00000000        0x0 c:/program files (x86)/atmel/studio/7.0/toolchain/avr8/avr8-gnu-toolchain/bin/../lib/gcc/avr/5.4.0/../../../../avr/lib/avrxmega3\libm.a(fp_round.o)
 .text          0x00000000        0x0 c:/program files (x86)/atmel/studio/7.0/toolchain/avr8/avr8-gnu-toolchain/bin/../lib/gcc/avr/5.4.0/../../../../avr/lib/avrxmega3\libm.a(fp_split3.o)
 .data          0x00000000        0x0 c:/program files (x86)/atmel/studio/7.0/toolchain/avr8/avr8-gnu-toolchain/bin/../lib/gcc/avr/5.4.0/../../../../avr/lib/avrxmega3\libm.a(fp_split3.o)
 .bss           0x00000000        0x0 c:/program files (x86)/atmel/studio/7.0/toolchain/avr8/avr8-gnu-toolchain/bin/../lib/gcc/avr/5.4.0/../../../../avr/lib/avrxmega3\libm.a(fp_split3.o)
 .text          0x00000000        0x0 c:/program files (x86)/atmel/studio/7.0/toolchain/avr8/avr8-gnu-toolchain/bin/../lib/gcc/avr/5.4.0/../../../../avr/lib/avrxmega3\libm.a(fp_zero.o)
 .data          0x00000000        0x0 c:/program files (x86)/atmel/studio/7.0/toolchain/avr8/avr8-gnu-toolchain/bin/../lib/gcc/avr/5.4.0/../../../../avr/lib/avrxmega3\libm.a(fp_zero.o)
 .bss           0x00000000        0x0 c:/program files (x86)/atmel/studio/7.0/toolchain/avr8/avr8-gnu-toolchain/bin/../lib/gcc/avr/5.4.0/../../../../avr/lib/avrxmega3\libm.a(fp_zero.o)
 .text          0x00000000        0x0 c:/program files (x86)/atmel/studio/7.0/toolchain/avr8/avr8-gnu-toolchain/bin/../lib/gcc/avr/5.4.0/../../../../avr/lib/avrxmega3\libm.a(gesf2.o)
 .data          0x00000000        0x0 c:/program files (x86)/atmel/studio/7.0/toolchain/avr8/avr8-gnu-toolchain/bin/../lib/gcc/avr/5.4.0/../../../../avr/lib/avrxmega3\libm.a(gesf2.o)
 .bss           0x00000000        0x0 c:/program files (x86)/atmel/studio/7.0/toolchain/avr8/avr8-gnu-toolchain/bin/../lib/gcc/avr/5.4.0/../../../../avr/lib/avrxmega3\libm.a(gesf2.o)
 .text          0x00000000        0x0 c:/program files (x86)/atmel/studio/7.0/toolchain/avr8/avr8-gnu-toolchain/bin/../lib/gcc/avr/5.4.0/../../../../avr/lib/avrxmega3\libm.a(mulsf3.o)
 .data          0x00000000        0x0 c:/program files (x86)/atmel/studio/7.0/toolchain/avr8/avr8-gnu-toolchain/bin/../lib/gcc/avr/5.4.0/../../../../avr/lib/avrxmega3\libm.a(mulsf3.o)
 .bss           0x00000000        0x0 c:/program files (x86)/atmel/studio/7.0/toolchain/avr8/avr8-gnu-toolchain/bin/../lib/gcc/avr/5.4.0/../../../../avr/lib/avrxmega3\libm.a(mulsf3.o)
 .text          0x00000000        0x0 c:/program files (x86)/atmel/studio/7.0/toolchain/avr8/avr8-gnu-toolchain/bin/../lib/gcc/avr/5.4.0/../../../../avr/lib/avrxmega3\libm.a(mulsf3x.o)
 .data          0x00000000        0x0 c:/program files (x86)/atmel/studio/7.0/toolchain/avr8/avr8-gnu-toolchain/bin/../lib/gcc/avr/5.4.0/../../../../avr/lib/avrxmega3\libm.a(mulsf3x.o)
 .bss           0x00000000        0x0 c:/program files (x86)/atmel/studio/7.0/toolchain/avr8/avr8-gnu-toolchain/bin/../lib/gcc/avr/5.4.0/../../../../avr/lib/avrxmega3\libm.a(mulsf3x.o)
 .text          0x00000000        0x0 c:/program files (x86)/atmel/studio/7.0/toolchain/avr8/avr8-gnu-toolchain/bin/../lib/gcc/avr/5.4.0/avrxmega3\libgcc.a(_exit.o)
 .data          0x00000000        0x0 c:/program files (x86)/atmel/studio/7.0/toolchain/avr8/avr8-gnu-toolchain/bin/../lib/gcc/avr/5.4.0/avrxmega3\libgcc.a(_exit.o)
 .bss           0x00000000        0x0 c:/program files (x86)/atmel/studio/7.0/toolchain/avr8/avr8-gnu-toolchain/bin/../lib/gcc/avr/5.4.0/avrxmega3\libgcc.a(_exit.o)
 .text.libgcc.mul
                0x00000000        0x0 c:/program files (x86)/atmel/studio/7.0/toolchain/avr8/avr8-gnu-toolchain/bin/../lib/gcc/avr/5.4.0/avrxmega3\libgcc.a(_exit.o)
 .text.libgcc.div
                0x00000000        0x0 c:/program files (x86)/atmel/studio/7.0/toolchain/avr8/avr8-gnu-toolchain/bin/../lib/gcc/avr/5.4.0/avrxmega3\libgcc.a(_exit.o)
 .text.libgcc   0x00000000        0x0 c:/program files (x86)/atmel/studio/7.0/toolchain/avr8/avr8-gnu-toolchain/bin/../lib/gcc/avr/5.4.0/avrxmega3\libgcc.a(_exit.o)
 .text.libgcc.prologue
                0x00000000        0x0 c:/program files (x86)/atmel/studio/7.0/toolchain/avr8/avr8-gnu-toolchain/bin/../lib/gcc/avr/5.4.0/avrxmega3\libgcc.a(_exit.o)
 .text.libgcc.builtins
                0x00000000        0x0 c:/program files (x86)/atmel/studio/7.0/toolchain/avr8/avr8-gnu-toolchain/bin/../lib/gcc/avr/5.4.0/avrxmega3\libgcc.a(_exit.o)
 .text.libgcc.fmul
                0x00000000        0x0 c:/program files (x86)/atmel/studio/7.0/toolchain/avr8/avr8-gnu-toolchain/bin/../lib/gcc/avr/5.4.0/avrxmega3\libgcc.a(_exit.o)
 .text.libgcc.fixed
                0x00000000        0x0 c:/program files (x86)/atmel/studio/7.0/toolchain/avr8/avr8-gnu-toolchain/bin/../lib/gcc/avr/5.4.0/avrxmega3\libgcc.a(_exit.o)
 .text          0x00000000        0x0 c:/program files (x86)/atmel/studio/7.0/toolchain/avr8/avr8-gnu-toolchain/bin/../lib/gcc/avr/5.4.0/avrxmega3\libgcc.a(_copy_data.o)
 .data          0x00000000        0x0 c:/program files (x86)/atmel/studio/7.0/toolchain/avr8/avr8-gnu-toolchain/bin/../lib/gcc/avr/5.4.0/avrxmega3\libgcc.a(_copy_data.o)
 .bss           0x00000000        0x0 c:/program files (x86)/atmel/studio/7.0/toolchain/avr8/avr8-gnu-toolchain/bin/../lib/gcc/avr/5.4.0/avrxmega3\libgcc.a(_copy_data.o)
 .text.libgcc.mul
                0x00000000        0x0 c:/program files (x86)/atmel/studio/7.0/toolchain/avr8/avr8-gnu-toolchain/bin/../lib/gcc/avr/5.4.0/avrxmega3\libgcc.a(_copy_data.o)
 .text.libgcc.div
                0x00000000        0x0 c:/program files (x86)/atmel/studio/7.0/toolchain/avr8/avr8-gnu-toolchain/bin/../lib/gcc/avr/5.4.0/avrxmega3\libgcc.a(_copy_data.o)
 .text.libgcc   0x00000000        0x0 c:/program files (x86)/atmel/studio/7.0/toolchain/avr8/avr8-gnu-toolchain/bin/../lib/gcc/avr/5.4.0/avrxmega3\libgcc.a(_copy_data.o)
 .text.libgcc.prologue
                0x00000000        0x0 c:/program files (x86)/atmel/studio/7.0/toolchain/avr8/avr8-gnu-toolchain/bin/../lib/gcc/avr/5.4.0/avrxmega3\libgcc.a(_copy_data.o)
 .text.libgcc.builtins
                0x00000000        0x0 c:/program files (x86)/atmel/studio/7.0/toolchain/avr8/avr8-gnu-toolchain/bin/../lib/gcc/avr/5.4.0/avrxmega3\libgcc.a(_copy_data.o)
 .text.libgcc.fmul
                0x00000000        0x0 c:/program files (x86)/atmel/studio/7.0/toolchain/avr8/avr8-gnu-toolchain/bin/../lib/gcc/avr/5.4.0/avrxmega3\libgcc.a(_copy_data.o)
 .text.libgcc.fixed
                0x00000000        0x0 c:/program files (x86)/atmel/studio/7.0/toolchain/avr8/avr8-gnu-toolchain/bin/../lib/gcc/avr/5.4.0/avrxmega3\libgcc.a(_copy_data.o)
 .text          0x00000000        0x0 c:/program files (x86)/atmel/studio/7.0/toolchain/avr8/avr8-gnu-toolchain/bin/../lib/gcc/avr/5.4.0/avrxmega3\libgcc.a(_clear_bss.o)
 .data          0x00000000        0x0 c:/program files (x86)/atmel/studio/7.0/toolchain/avr8/avr8-gnu-toolchain/bin/../lib/gcc/avr/5.4.0/avrxmega3\libgcc.a(_clear_bss.o)
 .bss           0x00000000        0x0 c:/program files (x86)/atmel/studio/7.0/toolchain/avr8/avr8-gnu-toolchain/bin/../lib/gcc/avr/5.4.0/avrxmega3\libgcc.a(_clear_bss.o)
 .text.libgcc.mul
                0x00000000        0x0 c:/program files (x86)/atmel/studio/7.0/toolchain/avr8/avr8-gnu-toolchain/bin/../lib/gcc/avr/5.4.0/avrxmega3\libgcc.a(_clear_bss.o)
 .text.libgcc.div
                0x00000000        0x0 c:/program files (x86)/atmel/studio/7.0/toolchain/avr8/avr8-gnu-toolchain/bin/../lib/gcc/avr/5.4.0/avrxmega3\libgcc.a(_clear_bss.o)
 .text.libgcc   0x00000000        0x0 c:/program files (x86)/atmel/studio/7.0/toolchain/avr8/avr8-gnu-toolchain/bin/../lib/gcc/avr/5.4.0/avrxmega3\libgcc.a(_clear_bss.o)
 .text.libgcc.prologue
                0x00000000        0x0 c:/program files (x86)/atmel/studio/7.0/toolchain/avr8/avr8-gnu-toolchain/bin/../lib/gcc/avr/5.4.0/avrxmega3\libgcc.a(_clear_bss.o)
 .text.libgcc.builtins
                0x00000000        0x0 c:/program files (x86)/atmel/studio/7.0/toolchain/avr8/avr8-gnu-toolchain/bin/../lib/gcc/avr/5.4.0/avrxmega3\libgcc.a(_clear_bss.o)
 .text.libgcc.fmul
                0x00000000        0x0 c:/program files (x86)/atmel/studio/7.0/toolchain/avr8/avr8-gnu-toolchain/bin/../lib/gcc/avr/5.4.0/avrxmega3\libgcc.a(_clear_bss.o)
 .text.libgcc.fixed
                0x00000000        0x0 c:/program files (x86)/atmel/studio/7.0/toolchain/avr8/avr8-gnu-toolchain/bin/../lib/gcc/avr/5.4.0/avrxmega3\libgcc.a(_clear_bss.o)
 .text          0x00000000        0x0 c:/program files (x86)/atmel/studio/7.0/toolchain/avr8/avr8-gnu-toolchain/bin/../lib/gcc/avr/5.4.0/../../../../avr/lib/avrxmega3\libc.a(memset.o)
 .data          0x00000000        0x0 c:/program files (x86)/atmel/studio/7.0/toolchain/avr8/avr8-gnu-toolchain/bin/../lib/gcc/avr/5.4.0/../../../../avr/lib/avrxmega3\libc.a(memset.o)
 .bss           0x00000000        0x0 c:/program files (x86)/atmel/studio/7.0/toolchain/avr8/avr8-gnu-toolchain/bin/../lib/gcc/avr/5.4.0/../../../../avr/lib/avrxmega3\libc.a(memset.o)
 .text.avr-libc
                0x00000000        0xe c:/program files (x86)/atmel/studio/7.0/toolchain/avr8/avr8-gnu-toolchain/bin/../lib/gcc/avr/5.4.0/../../../../avr/lib/avrxmega3\libc.a(memset.o)
 .text          0x00000000        0x0 c:/program files (x86)/atmel/studio/7.0/toolchain/avr8/avr8-gnu-toolchain/bin/../lib/gcc/avr/5.4.0/../../../../avr/lib/avrxmega3\libc.a(strcmp.o)
 .data          0x00000000        0x0 c:/program files (x86)/atmel/studio/7.0/toolchain/avr8/avr8-gnu-toolchain/bin/../lib/gcc/avr/5.4.0/../../../../avr/lib/avrxmega3\libc.a(strcmp.o)
 .bss           0x00000000        0x0 c:/program files (x86)/atmel/studio/7.0/toolchain/avr8/avr8-gnu-toolchain/bin/../lib/gcc/avr/5.4.0/../../../../avr/lib/avrxmega3\libc.a(strcmp.o)
 .text          0x00000000        0x0 c:/program files (x86)/atmel/studio/7.0/toolchain/avr8/avr8-gnu-toolchain/bin/../lib/gcc/avr/5.4.0/../../../../avr/lib/avrxmega3\libc.a(strcpy.o)
 .data          0x00000000        0x0 c:/program files (x86)/atmel/studio/7.0/toolchain/avr8/avr8-gnu-toolchain/bin/../lib/gcc/avr/5.4.0/../../../../avr/lib/avrxmega3\libc.a(strcpy.o)
 .bss           0x00000000        0x0 c:/program files (x86)/atmel/studio/7.0/toolchain/avr8/avr8-gnu-toolchain/bin/../lib/gcc/avr/5.4.0/../../../../avr/lib/avrxmega3\libc.a(strcpy.o)
 .text          0x00000000        0x0 c:/program files (x86)/atmel/studio/7.0/toolchain/avr8/avr8-gnu-toolchain/bin/../lib/gcc/avr/5.4.0/../../../../avr/lib/avrxmega3\libc.a(strncmp.o)
 .data          0x00000000        0x0 c:/program files (x86)/atmel/studio/7.0/toolchain/avr8/avr8-gnu-toolchain/bin/../lib/gcc/avr/5.4.0/../../../../avr/lib/avrxmega3\libc.a(strncmp.o)
 .bss           0x00000000        0x0 c:/program files (x86)/atmel/studio/7.0/toolchain/avr8/avr8-gnu-toolchain/bin/../lib/gcc/avr/5.4.0/../../../../avr/lib/avrxmega3\libc.a(strncmp.o)
 .text.avr-libc
                0x00000000       0x1c c:/program files (x86)/atmel/studio/7.0/toolchain/avr8/avr8-gnu-toolchain/bin/../lib/gcc/avr/5.4.0/../../../../avr/lib/avrxmega3\libc.a(strncmp.o)
 .text          0x00000000        0x0 c:/program files (x86)/atmel/studio/7.0/toolchain/avr8/avr8-gnu-toolchain/bin/../lib/gcc/avr/5.4.0/../../../../avr/lib/avrxmega3\libc.a(strncpy.o)
 .data          0x00000000        0x0 c:/program files (x86)/atmel/studio/7.0/toolchain/avr8/avr8-gnu-toolchain/bin/../lib/gcc/avr/5.4.0/../../../../avr/lib/avrxmega3\libc.a(strncpy.o)
 .bss           0x00000000        0x0 c:/program files (x86)/atmel/studio/7.0/toolchain/avr8/avr8-gnu-toolchain/bin/../lib/gcc/avr/5.4.0/../../../../avr/lib/avrxmega3\libc.a(strncpy.o)
 .text          0x00000000        0x0 c:/program files (x86)/atmel/studio/7.0/toolchain/avr8/avr8-gnu-toolchain/bin/../lib/gcc/avr/5.4.0/../../../../avr/lib/avrxmega3\libc.a(iob.o)
 .data          0x00000000        0x0 c:/program files (x86)/atmel/studio/7.0/toolchain/avr8/avr8-gnu-toolchain/bin/../lib/gcc/avr/5.4.0/../../../../avr/lib/avrxmega3\libc.a(iob.o)
 .bss           0x00000000        0x0 c:/program files (x86)/atmel/studio/7.0/toolchain/avr8/avr8-gnu-toolchain/bin/../lib/gcc/avr/5.4.0/../../../../avr/lib/avrxmega3\libc.a(iob.o)
 .text          0x00000000        0x0 c:/program files (x86)/atmel/studio/7.0/toolchain/avr8/avr8-gnu-toolchain/bin/../lib/gcc/avr/5.4.0/../../../../avr/lib/avrxmega3\libc.a(printf.o)
 .data          0x00000000        0x0 c:/program files (x86)/atmel/studio/7.0/toolchain/avr8/avr8-gnu-toolchain/bin/../lib/gcc/avr/5.4.0/../../../../avr/lib/avrxmega3\libc.a(printf.o)
 .bss           0x00000000        0x0 c:/program files (x86)/atmel/studio/7.0/toolchain/avr8/avr8-gnu-toolchain/bin/../lib/gcc/avr/5.4.0/../../../../avr/lib/avrxmega3\libc.a(printf.o)
 .text          0x00000000        0x0 c:/program files (x86)/atmel/studio/7.0/toolchain/avr8/avr8-gnu-toolchain/bin/../lib/gcc/avr/5.4.0/../../../../avr/lib/avrxmega3\libc.a(snprintf.o)
 .data          0x00000000        0x0 c:/program files (x86)/atmel/studio/7.0/toolchain/avr8/avr8-gnu-toolchain/bin/../lib/gcc/avr/5.4.0/../../../../avr/lib/avrxmega3\libc.a(snprintf.o)
 .bss           0x00000000        0x0 c:/program files (x86)/atmel/studio/7.0/toolchain/avr8/avr8-gnu-toolchain/bin/../lib/gcc/avr/5.4.0/../../../../avr/lib/avrxmega3\libc.a(snprintf.o)
 .text          0x00000000        0x0 c:/program files (x86)/atmel/studio/7.0/toolchain/avr8/avr8-gnu-toolchain/bin/../lib/gcc/avr/5.4.0/../../../../avr/lib/avrxmega3\libc.a(vfprintf_std.o)
 .data          0x00000000        0x0 c:/program files (x86)/atmel/studio/7.0/toolchain/avr8/avr8-gnu-toolchain/bin/../lib/gcc/avr/5.4.0/../../../../avr/lib/avrxmega3\libc.a(vfprintf_std.o)
 .bss           0x00000000        0x0 c:/program files (x86)/atmel/studio/7.0/toolchain/avr8/avr8-gnu-toolchain/bin/../lib/gcc/avr/5.4.0/../../../../avr/lib/avrxmega3\libc.a(vfprintf_std.o)
 .text          0x00000000        0x0 c:/program files (x86)/atmel/studio/7.0/toolchain/avr8/avr8-gnu-toolchain/bin/../lib/gcc/avr/5.4.0/../../../../avr/lib/avrxmega3\libc.a(strnlen_P.o)
 .data          0x00000000        0x0 c:/program files (x86)/atmel/studio/7.0/toolchain/avr8/avr8-gnu-toolchain/bin/../lib/gcc/avr/5.4.0/../../../../avr/lib/avrxmega3\libc.a(strnlen_P.o)
 .bss           0x00000000        0x0 c:/program files (x86)/atmel/studio/7.0/toolchain/avr8/avr8-gnu-toolchain/bin/../lib/gcc/avr/5.4.0/../../../../avr/lib/avrxmega3\libc.a(strnlen_P.o)
 .text          0x00000000        0x0 c:/program files (x86)/atmel/studio/7.0/toolchain/avr8/avr8-gnu-toolchain/bin/../lib/gcc/avr/5.4.0/../../../../avr/lib/avrxmega3\libc.a(strnlen.o)
 .data          0x00000000        0x0 c:/program files (x86)/atmel/studio/7.0/toolchain/avr8/avr8-gnu-toolchain/bin/../lib/gcc/avr/5.4.0/../../../../avr/lib/avrxmega3\libc.a(strnlen.o)
 .bss           0x00000000        0x0 c:/program files (x86)/atmel/studio/7.0/toolchain/avr8/avr8-gnu-toolchain/bin/../lib/gcc/avr/5.4.0/../../../../avr/lib/avrxmega3\libc.a(strnlen.o)
 .text          0x00000000        0x0 c:/program files (x86)/atmel/studio/7.0/toolchain/avr8/avr8-gnu-toolchain/bin/../lib/gcc/avr/5.4.0/../../../../avr/lib/avrxmega3\libc.a(fputc.o)
 .data          0x00000000        0x0 c:/program files (x86)/atmel/studio/7.0/toolchain/avr8/avr8-gnu-toolchain/bin/../lib/gcc/avr/5.4.0/../../../../avr/lib/avrxmega3\libc.a(fputc.o)
 .bss           0x00000000        0x0 c:/program files (x86)/atmel/studio/7.0/toolchain/avr8/avr8-gnu-toolchain/bin/../lib/gcc/avr/5.4.0/../../../../avr/lib/avrxmega3\libc.a(fputc.o)
 .text          0x00000000        0x0 c:/program files (x86)/atmel/studio/7.0/toolchain/avr8/avr8-gnu-toolchain/bin/../lib/gcc/avr/5.4.0/../../../../avr/lib/avrxmega3\libc.a(ultoa_invert.o)
 .data          0x00000000        0x0 c:/program files (x86)/atmel/studio/7.0/toolchain/avr8/avr8-gnu-toolchain/bin/../lib/gcc/avr/5.4.0/../../../../avr/lib/avrxmega3\libc.a(ultoa_invert.o)
 .bss           0x00000000        0x0 c:/program files (x86)/atmel/studio/7.0/toolchain/avr8/avr8-gnu-toolchain/bin/../lib/gcc/avr/5.4.0/../../../../avr/lib/avrxmega3\libc.a(ultoa_invert.o)
 .text          0x00000000        0x0 c:/program files (x86)/atmel/studio/7.0/toolchain/avr8/avr8-gnu-toolchain/bin/../lib/gcc/avr/5.4.0/avrxmega3\libgcc.a(_prologue.o)
 .data          0x00000000        0x0 c:/program files (x86)/atmel/studio/7.0/toolchain/avr8/avr8-gnu-toolchain/bin/../lib/gcc/avr/5.4.0/avrxmega3\libgcc.a(_prologue.o)
 .bss           0x00000000        0x0 c:/program files (x86)/atmel/studio/7.0/toolchain/avr8/avr8-gnu-toolchain/bin/../lib/gcc/avr/5.4.0/avrxmega3\libgcc.a(_prologue.o)
 .text.libgcc.mul
                0x00000000        0x0 c:/program files (x86)/atmel/studio/7.0/toolchain/avr8/avr8-gnu-toolchain/bin/../lib/gcc/avr/5.4.0/avrxmega3\libgcc.a(_prologue.o)
 .text.libgcc.div
                0x00000000        0x0 c:/program files (x86)/atmel/studio/7.0/toolchain/avr8/avr8-gnu-toolchain/bin/../lib/gcc/avr/5.4.0/avrxmega3\libgcc.a(_prologue.o)
 .text.libgcc   0x00000000        0x0 c:/program files (x86)/atmel/studio/7.0/toolchain/avr8/avr8-gnu-toolchain/bin/../lib/gcc/avr/5.4.0/avrxmega3\libgcc.a(_prologue.o)
 .text.libgcc.builtins
                0x00000000        0x0 c:/program files (x86)/atmel/studio/7.0/toolchain/avr8/avr8-gnu-toolchain/bin/../lib/gcc/avr/5.4.0/avrxmega3\libgcc.a(_prologue.o)
 .text.libgcc.fmul
                0x00000000        0x0 c:/program files (x86)/atmel/studio/7.0/toolchain/avr8/avr8-gnu-toolchain/bin/../lib/gcc/avr/5.4.0/avrxmega3\libgcc.a(_prologue.o)
 .text.libgcc.fixed
                0x00000000        0x0 c:/program files (x86)/atmel/studio/7.0/toolchain/avr8/avr8-gnu-toolchain/bin/../lib/gcc/avr/5.4.0/avrxmega3\libgcc.a(_prologue.o)
 .text          0x00000000        0x0 c:/program files (x86)/atmel/studio/7.0/toolchain/avr8/avr8-gnu-toolchain/bin/../lib/gcc/avr/5.4.0/avrxmega3\libgcc.a(_epilogue.o)
 .data          0x00000000        0x0 c:/program files (x86)/atmel/studio/7.0/toolchain/avr8/avr8-gnu-toolchain/bin/../lib/gcc/avr/5.4.0/avrxmega3\libgcc.a(_epilogue.o)
 .bss           0x00000000        0x0 c:/program files (x86)/atmel/studio/7.0/toolchain/avr8/avr8-gnu-toolchain/bin/../lib/gcc/avr/5.4.0/avrxmega3\libgcc.a(_epilogue.o)
 .text.libgcc.mul
                0x00000000        0x0 c:/program files (x86)/atmel/studio/7.0/toolchain/avr8/avr8-gnu-toolchain/bin/../lib/gcc/avr/5.4.0/avrxmega3\libgcc.a(_epilogue.o)
 .text.libgcc.div
                0x00000000        0x0 c:/program files (x86)/atmel/studio/7.0/toolchain/avr8/avr8-gnu-toolchain/bin/../lib/gcc/avr/5.4.0/avrxmega3\libgcc.a(_epilogue.o)
 .text.libgcc   0x00000000        0x0 c:/program files (x86)/atmel/studio/7.0/toolchain/avr8/avr8-gnu-toolchain/bin/../lib/gcc/avr/5.4.0/avrxmega3\libgcc.a(_epilogue.o)
 .text.libgcc.builtins
                0x00000000        0x0 c:/program files (x86)/atmel/studio/7.0/toolchain/avr8/avr8-gnu-toolchain/bin/../lib/gcc/avr/5.4.0/avrxmega3\libgcc.a(_epilogue.o)
 .text.libgcc.fmul
                0x00000000        0x0 c:/program files (x86)/atmel/studio/7.0/toolchain/avr8/avr8-gnu-toolchain/bin/../lib/gcc/avr/5.4.0/avrxmega3\libgcc.a(_epilogue.o)
 .text.libgcc.fixed
                0x00000000        0x0 c:/program files (x86)/atmel/studio/7.0/toolchain/avr8/avr8-gnu-toolchain/bin/../lib/gcc/avr/5.4.0/avrxmega3\libgcc.a(_epilogue.o)

Memory Configuration

Name             Origin             Length             Attributes
text             0x00000000         0x00100000         xr
data             0x00802000         0x0000ffa0         rw !x
eeprom           0x00810000         0x00010000         rw !x
fuse             0x00820000         0x00000009         rw !x
lock             0x00830000         0x00000400         rw !x
signature        0x00840000         0x00000400         rw !x
user_signatures  0x00850000         0x00000400         rw !x
*default*        0x00000000         0xffffffff

Linker script and memory map

Address of section .data set to 0x802800
                0x00004000                __RODATA_PM_OFFSET__ = 0x4000
LOAD C:/Program Files (x86)/Atmel/Studio/7.0/Packs/Atmel/ATmega_DFP/1.3.300/gcc/dev/atmega4809/avrxmega3/crtatmega4809.o
LOAD atmel_start.o
LOAD driver_isr.o
LOAD examples/src/click_example.o
LOAD examples/src/i2c_master_example.o
LOAD examples/src/usart_basic_example.o
LOAD lora_handling.o
LOAD low_power.o
LOAD main.o
LOAD sht3x.o
LOAD src/bod.o
LOAD src/clkctrl.o
LOAD src/cpuint.o
LOAD src/driver_init.o
LOAD src/driver_rn2903.o
LOAD src/i2c_master.o
LOAD src/i2c_simple_master.o
LOAD src/i2c_types.o
LOAD src/lora2_click.o
LOAD src/protected_io.o
LOAD src/slpctrl.o
LOAD src/tcb.o
LOAD src/usart_basic.o
START GROUP
LOAD c:/program files (x86)/atmel/studio/7.0/toolchain/avr8/avr8-gnu-toolchain/bin/../lib/gcc/avr/5.4.0/../../../../avr/lib/avrxmega3\libm.a
END GROUP
START GROUP
LOAD c:/program files (x86)/atmel/studio/7.0/toolchain/avr8/avr8-gnu-toolchain/bin/../lib/gcc/avr/5.4.0/avrxmega3\libgcc.a
LOAD c:/program files (x86)/atmel/studio/7.0/toolchain/avr8/avr8-gnu-toolchain/bin/../lib/gcc/avr/5.4.0/../../../../avr/lib/avrxmega3\libm.a
LOAD c:/program files (x86)/atmel/studio/7.0/toolchain/avr8/avr8-gnu-toolchain/bin/../lib/gcc/avr/5.4.0/../../../../avr/lib/avrxmega3\libc.a
LOAD C:/Program Files (x86)/Atmel/Studio/7.0/Packs/Atmel/ATmega_DFP/1.3.300/gcc/dev/atmega4809/avrxmega3\libatmega4809.a
END GROUP
                0x00100000                __TEXT_REGION_LENGTH__ = DEFINED (__TEXT_REGION_LENGTH__)?__TEXT_REGION_LENGTH__:0x100000
                0x0000ffa0                __DATA_REGION_LENGTH__ = DEFINED (__DATA_REGION_LENGTH__)?__DATA_REGION_LENGTH__:0xffa0
                0x00010000                __EEPROM_REGION_LENGTH__ = DEFINED (__EEPROM_REGION_LENGTH__)?__EEPROM_REGION_LENGTH__:0x10000
                [0x00000009]                __FUSE_REGION_LENGTH__ = DEFINED (__FUSE_REGION_LENGTH__)?__FUSE_REGION_LENGTH__:0x400
                0x00000400                __LOCK_REGION_LENGTH__ = DEFINED (__LOCK_REGION_LENGTH__)?__LOCK_REGION_LENGTH__:0x400
                0x00000400                __SIGNATURE_REGION_LENGTH__ = DEFINED (__SIGNATURE_REGION_LENGTH__)?__SIGNATURE_REGION_LENGTH__:0x400
                0x00000400                __USER_SIGNATURE_REGION_LENGTH__ = DEFINED (__USER_SIGNATURE_REGION_LENGTH__)?__USER_SIGNATURE_REGION_LENGTH__:0x400
                0x00008000                __RODATA_PM_OFFSET__ = DEFINED (__RODATA_PM_OFFSET__)?__RODATA_PM_OFFSET__:0x8000

.hash
 *(.hash)

.dynsym
 *(.dynsym)

.dynstr
 *(.dynstr)

.gnu.version
 *(.gnu.version)

.gnu.version_d
 *(.gnu.version_d)

.gnu.version_r
 *(.gnu.version_r)

.rel.init
 *(.rel.init)

.rela.init
 *(.rela.init)

.rel.text
 *(.rel.text)
 *(.rel.text.*)
 *(.rel.gnu.linkonce.t*)

.rela.text
 *(.rela.text)
 *(.rela.text.*)
 *(.rela.gnu.linkonce.t*)

.rel.fini
 *(.rel.fini)

.rela.fini
 *(.rela.fini)

.rel.rodata
 *(.rel.rodata)
 *(.rel.rodata.*)
 *(.rel.gnu.linkonce.r*)

.rela.rodata
 *(.rela.rodata)
 *(.rela.rodata.*)
 *(.rela.gnu.linkonce.r*)

.rel.data
 *(.rel.data)
 *(.rel.data.*)
 *(.rel.gnu.linkonce.d*)

.rela.data
 *(.rela.data)
 *(.rela.data.*)
 *(.rela.gnu.linkonce.d*)

.rel.ctors
 *(.rel.ctors)

.rela.ctors
 *(.rela.ctors)

.rel.dtors
 *(.rel.dtors)

.rela.dtors
 *(.rela.dtors)

.rel.got
 *(.rel.got)

.rela.got
 *(.rela.got)

.rel.bss
 *(.rel.bss)

.rela.bss
 *(.rela.bss)

.rel.plt
 *(.rel.plt)

.rela.plt
 *(.rela.plt)

.text           0x00000000     0x33da
 *(.vectors)
 .vectors       0x00000000       0xa0 C:/Program Files (x86)/Atmel/Studio/7.0/Packs/Atmel/ATmega_DFP/1.3.300/gcc/dev/atmega4809/avrxmega3/crtatmega4809.o
                0x00000000                __vector_default
                0x00000000                __vectors
 *(.vectors)
 *(.progmem.gcc*)
                0x000000a0                . = ALIGN (0x2)
                0x000000a0                __trampolines_start = .
 *(.trampolines)
 .trampolines   0x000000a0        0x0 linker stubs
 *(.trampolines*)
                0x000000a0                __trampolines_end = .
 *libprintf_flt.a:*(.progmem.data)
 *libc.a:*(.progmem.data)
 *(.progmem*)
                0x000000a0                . = ALIGN (0x2)
 *(.jumptables)
 *(.jumptables*)
 *(.lowtext)
 *(.lowtext*)
                0x000000a0                __ctors_start = .
 *(.ctors)
                0x000000a0                __ctors_end = .
                0x000000a0                __dtors_start = .
 *(.dtors)
                0x000000a0                __dtors_end = .
 SORT(*)(.ctors)
 SORT(*)(.dtors)
 *(.init0)
 .init0         0x000000a0        0x0 C:/Program Files (x86)/Atmel/Studio/7.0/Packs/Atmel/ATmega_DFP/1.3.300/gcc/dev/atmega4809/avrxmega3/crtatmega4809.o
                0x000000a0                __init
 *(.init0)
 *(.init1)
 *(.init1)
 *(.init2)
 .init2         0x000000a0        0xc C:/Program Files (x86)/Atmel/Studio/7.0/Packs/Atmel/ATmega_DFP/1.3.300/gcc/dev/atmega4809/avrxmega3/crtatmega4809.o
 *(.init2)
 *(.init3)
 *(.init3)
 *(.init4)
 .init4         0x000000ac       0x16 c:/program files (x86)/atmel/studio/7.0/toolchain/avr8/avr8-gnu-toolchain/bin/../lib/gcc/avr/5.4.0/avrxmega3\libgcc.a(_copy_data.o)
                0x000000ac                __do_copy_data
 .init4         0x000000c2       0x10 c:/program files (x86)/atmel/studio/7.0/toolchain/avr8/avr8-gnu-toolchain/bin/../lib/gcc/avr/5.4.0/avrxmega3\libgcc.a(_clear_bss.o)
                0x000000c2                __do_clear_bss
 *(.init4)
 *(.init5)
 *(.init5)
 *(.init6)
 *(.init6)
 *(.init7)
 *(.init7)
 *(.init8)
 *(.init8)
 *(.init9)
 .init9         0x000000d2        0x8 C:/Program Files (x86)/Atmel/Studio/7.0/Packs/Atmel/ATmega_DFP/1.3.300/gcc/dev/atmega4809/avrxmega3/crtatmega4809.o
 *(.init9)
 *(.text)
 .text          0x000000da        0x4 C:/Program Files (x86)/Atmel/Studio/7.0/Packs/Atmel/ATmega_DFP/1.3.300/gcc/dev/atmega4809/avrxmega3/crtatmega4809.o
                0x000000da                __vector_22
                0x000000da                __vector_28
                0x000000da                __vector_1
                0x000000da                __vector_32
                0x000000da                __vector_34
                0x000000da                __vector_24
                0x000000da                __bad_interrupt
                0x000000da                __vector_6
                0x000000da                __vector_31
                0x000000da                __vector_35
                0x000000da                __vector_39
                0x000000da                __vector_3
                0x000000da                __vector_23
                0x000000da                __vector_30
                0x000000da                __vector_25
                0x000000da                __vector_11
                0x000000da                __vector_13
                0x000000da                __vector_19
                0x000000da                __vector_7
                0x000000da                __vector_27
                0x000000da                __vector_5
                0x000000da                __vector_33
                0x000000da                __vector_4
                0x000000da                __vector_9
                0x000000da                __vector_2
                0x000000da                __vector_21
                0x000000da                __vector_36
                0x000000da                __vector_29
                0x000000da                __vector_8
                0x000000da                __vector_26
                0x000000da                __vector_14
                0x000000da                __vector_10
                0x000000da                __vector_16
                0x000000da                __vector_20
                0x000000de                . = ALIGN (0x2)
 *(.text.*)
 .text.atmel_start_init
                0x000000de       0x14 atmel_start.o
                0x000000de                atmel_start_init
 .text.__vector_12
                0x000000f2       0x44 driver_isr.o
                0x000000f2                __vector_12
 .text.LORA_HANDLING_createCommand
                0x00000136       0x62 lora_handling.o
                0x00000136                LORA_HANDLING_createCommand
 .text.sendKey  0x00000198       0x68 lora_handling.o
 .text.handleResponse
                0x00000200       0x60 lora_handling.o
 .text.loopUntilOk
                0x00000260       0x74 lora_handling.o
 .text.LORA_HANDLING_loraInit
                0x000002d4      0x274 lora_handling.o
                0x000002d4                LORA_HANDLING_loraInit
 .text.createTransmission
                0x00000548       0x6c lora_handling.o
 .text.LORA_HANDLING_transmit
                0x000005b4       0x52 lora_handling.o
                0x000005b4                LORA_HANDLING_transmit
 .text.main     0x00000606      0x480 main.o
                0x00000606                main
 .text.SENSORS_HANDLING_readSensors
                0x00000a86      0x1be main.o
                0x00000a86                SENSORS_HANDLING_readSensors
 .text.BOD_init
                0x00000c44       0x10 src/bod.o
                0x00000c44                BOD_init
 .text.ccp_write_io
                0x00000c54       0x2c src/clkctrl.o
 .text.CLKCTRL_init
                0x00000c80       0x24 src/clkctrl.o
                0x00000c80                CLKCTRL_init
 .text.CPUINT_init
                0x00000ca4       0x12 src/cpuint.o
                0x00000ca4                CPUINT_init
 .text.PORTA_set_pin_pull_mode
                0x00000cb6       0x62 src/driver_init.o
 .text.PORTA_pin_set_inverted
                0x00000d18       0x5c src/driver_init.o
 .text.PORTA_pin_set_isc
                0x00000d74       0x46 src/driver_init.o
 .text.PORTA_set_pin_dir
                0x00000dba       0xa8 src/driver_init.o
 .text.PORTA_set_pin_level
                0x00000e62       0x74 src/driver_init.o
 .text.PORTB_set_pin_pull_mode
                0x00000ed6       0x62 src/driver_init.o
 .text.PORTB_set_pin_dir
                0x00000f38       0xa8 src/driver_init.o
 .text.PORTB_set_pin_level
                0x00000fe0       0x74 src/driver_init.o
 .text.PORTD_set_pin_dir
                0x00001054       0xa8 src/driver_init.o
 .text.PORTD_set_pin_level
                0x000010fc       0x74 src/driver_init.o
 .text.PA0_set_dir
                0x00001170       0x1e src/driver_init.o
 .text.PA0_set_level
                0x0000118e       0x1e src/driver_init.o
 .text.PA1_set_pull_mode
                0x000011ac       0x1e src/driver_init.o
 .text.PA1_set_dir
                0x000011ca       0x1e src/driver_init.o
 .text.PA2_set_pull_mode
                0x000011e8       0x1e src/driver_init.o
 .text.PA2_set_dir
                0x00001206       0x1e src/driver_init.o
 .text.PA2_set_isc
                0x00001224       0x1e src/driver_init.o
 .text.PA2_set_inverted
                0x00001242       0x1e src/driver_init.o
 .text.PA2_set_level
                0x00001260       0x1e src/driver_init.o
 .text.PA3_set_pull_mode
                0x0000127e       0x1e src/driver_init.o
 .text.PA3_set_dir
                0x0000129c       0x1e src/driver_init.o
 .text.PA3_set_isc
                0x000012ba       0x1e src/driver_init.o
 .text.PA3_set_inverted
                0x000012d8       0x1e src/driver_init.o
 .text.PA3_set_level
                0x000012f6       0x1e src/driver_init.o
 .text.RTS_PIN_set_pull_mode
                0x00001314       0x1e src/driver_init.o
 .text.RTS_PIN_set_dir
                0x00001332       0x1e src/driver_init.o
 .text.PB0_set_dir
                0x00001350       0x1e src/driver_init.o
 .text.PB0_set_level
                0x0000136e       0x1e src/driver_init.o
 .text.PB1_set_pull_mode
                0x0000138c       0x1e src/driver_init.o
 .text.PB1_set_dir
                0x000013aa       0x1e src/driver_init.o
 .text.CTS_PIN_set_dir
                0x000013c8       0x1e src/driver_init.o
 .text.CTS_PIN_set_level
                0x000013e6       0x1e src/driver_init.o
 .text.HWRESET_PIN_set_dir
                0x00001404       0x1e src/driver_init.o
 .text.HWRESET_PIN_set_level
                0x00001422       0x1e src/driver_init.o
 .text.mcu_init
                0x00001440      0x130 src/driver_init.o
                0x00001440                mcu_init
 .text.LoRa_initialization
                0x00001570       0x2c src/driver_init.o
                0x00001570                LoRa_initialization
 .text.Terminal_initialization
                0x0000159c       0x2c src/driver_init.o
                0x0000159c                Terminal_initialization
 .text.TIMER_0_initialization
                0x000015c8       0x14 src/driver_init.o
                0x000015c8                TIMER_0_initialization
 .text.I2C_MASTER_initialization
                0x000015dc       0x50 src/driver_init.o
                0x000015dc                I2C_MASTER_initialization
 .text.system_init
                0x0000162c       0x58 src/driver_init.o
                0x0000162c                system_init
 .text.PORTD_set_pin_level
                0x00001684       0x74 src/driver_rn2903.o
 .text.HWRESET_PIN_set_level
                0x000016f8       0x1e src/driver_rn2903.o
 .text.rn2903_SetHardwareReset
                0x00001716       0x1c src/driver_rn2903.o
                0x00001716                rn2903_SetHardwareReset
 .text.rn2903_SendString
                0x00001732       0x4a src/driver_rn2903.o
                0x00001732                rn2903_SendString
 .text.I2C_MASTER_set_address_nack_callback
                0x0000177c       0x34 src/i2c_master.o
                0x0000177c                I2C_MASTER_set_address_nack_callback
 .text.I2C_MASTER_init
                0x000017b0       0x24 src/i2c_master.o
                0x000017b0                I2C_MASTER_init
 .text.I2C_MASTER_open
                0x000017d4      0x116 src/i2c_master.o
                0x000017d4                I2C_MASTER_open
 .text.I2C_MASTER_close
                0x000018ea       0x80 src/i2c_master.o
                0x000018ea                I2C_MASTER_close
 .text.I2C_MASTER_set_buffer
                0x0000196a       0x4e src/i2c_master.o
                0x0000196a                I2C_MASTER_set_buffer
 .text.I2C_MASTER_master_operation
                0x000019b8       0x4a src/i2c_master.o
                0x000019b8                I2C_MASTER_master_operation
 .text.I2C_MASTER_master_read
                0x00001a02       0x14 src/i2c_master.o
                0x00001a02                I2C_MASTER_master_read
 .text.I2C_MASTER_master_write
                0x00001a16       0x14 src/i2c_master.o
                0x00001a16                I2C_MASTER_master_write
 .text.I2C_MASTER_do_I2C_RESET
                0x00001a2a       0x42 src/i2c_master.o
 .text.I2C_MASTER_do_I2C_IDLE
                0x00001a6c       0x1e src/i2c_master.o
 .text.I2C_MASTER_do_I2C_SEND_RESTART_READ
                0x00001a8a       0x12 src/i2c_master.o
 .text.I2C_MASTER_do_I2C_SEND_RESTART_WRITE
                0x00001a9c       0x12 src/i2c_master.o
 .text.I2C_MASTER_do_I2C_SEND_RESTART
                0x00001aae       0x12 src/i2c_master.o
 .text.I2C_MASTER_do_I2C_SEND_STOP
                0x00001ac0       0x24 src/i2c_master.o
 .text.I2C_MASTER_do_I2C_DO_ADDRESS_NACK
                0x00001ae4       0x52 src/i2c_master.o
 .text.I2C_MASTER_do_I2C_SEND_ADR_READ
                0x00001b36       0x30 src/i2c_master.o
 .text.I2C_MASTER_do_I2C_SEND_ADR_WRITE
                0x00001b66       0x28 src/i2c_master.o
 .text.I2C_MASTER_do_I2C_RX_DO_ACK
                0x00001b8e       0x22 src/i2c_master.o
 .text.I2C_MASTER_do_I2C_TX_DO_ACK
                0x00001bb0       0x22 src/i2c_master.o
 .text.I2C_MASTER_do_I2C_DO_NACK_STOP
                0x00001bd2       0x36 src/i2c_master.o
 .text.I2C_MASTER_do_I2C_DO_NACK_RESTART
                0x00001c08       0x22 src/i2c_master.o
 .text.I2C_MASTER_do_I2C_TX
                0x00001c2a       0xa8 src/i2c_master.o
 .text.I2C_MASTER_do_I2C_RX
                0x00001cd2       0xfc src/i2c_master.o
 .text.I2C_MASTER_do_I2C_TX_EMPTY
                0x00001dce       0xa0 src/i2c_master.o
 .text.I2C_MASTER_do_I2C_BUS_COLLISION
                0x00001e6e       0x5a src/i2c_master.o
 .text.I2C_MASTER_do_I2C_BUS_ERROR
                0x00001ec8       0x44 src/i2c_master.o
 .text.__vector_15
                0x00001f0c       0x5a src/i2c_master.o
                0x00001f0c                __vector_15
 .text.I2C_MASTER_master_isr
                0x00001f66       0x98 src/i2c_master.o
 .text.I2C_MASTER_return_stop
                0x00001ffe       0x1a src/i2c_master.o
 .text.I2C_MASTER_return_reset
                0x00002018       0x1a src/i2c_master.o
 .text.I2C_MASTER_set_callback
                0x00002032       0x94 src/i2c_master.o
 .text.I2C_MASTER_writeNBytes
                0x000020c6       0x5a src/i2c_simple_master.o
                0x000020c6                I2C_MASTER_writeNBytes
 .text.I2C_MASTER_readNBytes
                0x00002120       0x4e src/i2c_simple_master.o
                0x00002120                I2C_MASTER_readNBytes
 .text.i2c_cb_restart_write
                0x0000216e       0x1a src/i2c_types.o
                0x0000216e                i2c_cb_restart_write
 .text.LoRa2_CaptureReceivedMessage
                0x00002188       0x42 src/lora2_click.o
                0x00002188                LoRa2_CaptureReceivedMessage
 .text.LoRa2_RegisterISRCallback
                0x000021ca       0x1a src/lora2_click.o
                0x000021ca                LoRa2_RegisterISRCallback
 .text.LoRa2_ReadyReceiveBuffer
                0x000021e4       0x36 src/lora2_click.o
                0x000021e4                LoRa2_ReadyReceiveBuffer
 .text.LoRa2_GetResponse
                0x0000221a       0x12 src/lora2_click.o
                0x0000221a                LoRa2_GetResponse
 .text.LoRa2_blockingWait
                0x0000222c      0x124 src/lora2_click.o
                0x0000222c                LoRa2_blockingWait
 .text.protected_write_io
                0x00002350        0x8 src/protected_io.o
                0x00002350                protected_write_io
 .text.SLPCTRL_init
                0x00002358       0x10 src/slpctrl.o
                0x00002358                SLPCTRL_init
 .text.TIMER_0_init
                0x00002368       0x32 src/tcb.o
                0x00002368                TIMER_0_init
 .text.LoRa_printCHAR
                0x0000239a       0x28 src/usart_basic.o
                0x0000239a                LoRa_printCHAR
 .text.LoRa_default_rx_isr_cb
                0x000023c2       0x54 src/usart_basic.o
                0x000023c2                LoRa_default_rx_isr_cb
 .text.LoRa_default_udre_isr_cb
                0x00002416       0x66 src/usart_basic.o
                0x00002416                LoRa_default_udre_isr_cb
 .text.LoRa_set_ISR_cb
                0x0000247c       0x4e src/usart_basic.o
                0x0000247c                LoRa_set_ISR_cb
 .text.__vector_17
                0x000024ca       0x6e src/usart_basic.o
                0x000024ca                __vector_17
 .text.__vector_18
                0x00002538       0x6e src/usart_basic.o
                0x00002538                __vector_18
 .text.LoRa_write
                0x000025a6       0x68 src/usart_basic.o
                0x000025a6                LoRa_write
 .text.LoRa_init
                0x0000260e       0x68 src/usart_basic.o
                0x0000260e                LoRa_init
 .text.LoRa_get_data
                0x00002676       0x16 src/usart_basic.o
                0x00002676                LoRa_get_data
 .text.Terminal_printCHAR
                0x0000268c       0x28 src/usart_basic.o
                0x0000268c                Terminal_printCHAR
 .text.Terminal_default_rx_isr_cb
                0x000026b4       0x54 src/usart_basic.o
                0x000026b4                Terminal_default_rx_isr_cb
 .text.Terminal_default_udre_isr_cb
                0x00002708       0x66 src/usart_basic.o
                0x00002708                Terminal_default_udre_isr_cb
 .text.__vector_37
                0x0000276e       0x6e src/usart_basic.o
                0x0000276e                __vector_37
 .text.__vector_38
                0x000027dc       0x6e src/usart_basic.o
                0x000027dc                __vector_38
 .text.Terminal_write
                0x0000284a       0x68 src/usart_basic.o
                0x0000284a                Terminal_write
 .text.Terminal_init
                0x000028b2       0x68 src/usart_basic.o
                0x000028b2                Terminal_init
 .text.avr-libc.fplib
                0x0000291a        0xe c:/program files (x86)/atmel/studio/7.0/toolchain/avr8/avr8-gnu-toolchain/bin/../lib/gcc/avr/5.4.0/../../../../avr/lib/avrxmega3\libm.a(addsf3.o)
                0x0000291a                __subsf3
                0x0000291c                __addsf3
 .text.avr-libc.fplib
                0x00002928       0xcc c:/program files (x86)/atmel/studio/7.0/toolchain/avr8/avr8-gnu-toolchain/bin/../lib/gcc/avr/5.4.0/../../../../avr/lib/avrxmega3\libm.a(addsf3x.o)
                0x0000294a                __addsf3x
 .text.avr-libc.fplib
                0x000029f4        0xa c:/program files (x86)/atmel/studio/7.0/toolchain/avr8/avr8-gnu-toolchain/bin/../lib/gcc/avr/5.4.0/../../../../avr/lib/avrxmega3\libm.a(cmpsf2.o)
                0x000029f4                __nesf2
                0x000029f4                __eqsf2
                0x000029f4                __cmpsf2
                0x000029f4                __ltsf2
                0x000029f4                __lesf2
 .text.avr-libc.fplib
                0x000029fe        0x8 c:/program files (x86)/atmel/studio/7.0/toolchain/avr8/avr8-gnu-toolchain/bin/../lib/gcc/avr/5.4.0/../../../../avr/lib/avrxmega3\libm.a(divsf3.o)
                0x000029fe                __divsf3
 .text.avr-libc.fplib
                0x00002a06       0xdc c:/program files (x86)/atmel/studio/7.0/toolchain/avr8/avr8-gnu-toolchain/bin/../lib/gcc/avr/5.4.0/../../../../avr/lib/avrxmega3\libm.a(divsf3x.o)
                0x00002a26                __divsf3x
                0x00002a2c                __divsf3_pse
 .text.avr-libc.fplib
                0x00002ae2       0x5e c:/program files (x86)/atmel/studio/7.0/toolchain/avr8/avr8-gnu-toolchain/bin/../lib/gcc/avr/5.4.0/../../../../avr/lib/avrxmega3\libm.a(fixunssfsi.o)
                0x00002ae2                __fixunssfsi
 .text.avr-libc.fplib
                0x00002b40       0x7a c:/program files (x86)/atmel/studio/7.0/toolchain/avr8/avr8-gnu-toolchain/bin/../lib/gcc/avr/5.4.0/../../../../avr/lib/avrxmega3\libm.a(floatsisf.o)
                0x00002b40                __floatunsisf
                0x00002b44                __floatsisf
 .text.avr-libc.fplib
                0x00002bba       0x48 c:/program files (x86)/atmel/studio/7.0/toolchain/avr8/avr8-gnu-toolchain/bin/../lib/gcc/avr/5.4.0/../../../../avr/lib/avrxmega3\libm.a(fp_cmp.o)
                0x00002bba                __fp_cmp
 .text.avr-libc.fplib
                0x00002c02        0xc c:/program files (x86)/atmel/studio/7.0/toolchain/avr8/avr8-gnu-toolchain/bin/../lib/gcc/avr/5.4.0/../../../../avr/lib/avrxmega3\libm.a(fp_inf.o)
                0x00002c02                __fp_inf
 .text.avr-libc.fplib
                0x00002c0e        0x6 c:/program files (x86)/atmel/studio/7.0/toolchain/avr8/avr8-gnu-toolchain/bin/../lib/gcc/avr/5.4.0/../../../../avr/lib/avrxmega3\libm.a(fp_nan.o)
                0x00002c0e                __fp_nan
 .text.avr-libc.fplib
                0x00002c14        0xe c:/program files (x86)/atmel/studio/7.0/toolchain/avr8/avr8-gnu-toolchain/bin/../lib/gcc/avr/5.4.0/../../../../avr/lib/avrxmega3\libm.a(fp_pscA.o)
                0x00002c14                __fp_pscA
 .text.avr-libc.fplib
                0x00002c22        0xe c:/program files (x86)/atmel/studio/7.0/toolchain/avr8/avr8-gnu-toolchain/bin/../lib/gcc/avr/5.4.0/../../../../avr/lib/avrxmega3\libm.a(fp_pscB.o)
                0x00002c22                __fp_pscB
 .text.avr-libc.fplib
                0x00002c30       0x22 c:/program files (x86)/atmel/studio/7.0/toolchain/avr8/avr8-gnu-toolchain/bin/../lib/gcc/avr/5.4.0/../../../../avr/lib/avrxmega3\libm.a(fp_round.o)
                0x00002c30                __fp_round
 .text.avr-libc.fplib
                0x00002c52       0x44 c:/program files (x86)/atmel/studio/7.0/toolchain/avr8/avr8-gnu-toolchain/bin/../lib/gcc/avr/5.4.0/../../../../avr/lib/avrxmega3\libm.a(fp_split3.o)
                0x00002c52                __fp_split3
                0x00002c62                __fp_splitA
 .text.avr-libc.fplib
                0x00002c96        0xe c:/program files (x86)/atmel/studio/7.0/toolchain/avr8/avr8-gnu-toolchain/bin/../lib/gcc/avr/5.4.0/../../../../avr/lib/avrxmega3\libm.a(fp_zero.o)
                0x00002c96                __fp_zero
                0x00002c98                __fp_szero
 .text.avr-libc.fplib
                0x00002ca4        0xa c:/program files (x86)/atmel/studio/7.0/toolchain/avr8/avr8-gnu-toolchain/bin/../lib/gcc/avr/5.4.0/../../../../avr/lib/avrxmega3\libm.a(gesf2.o)
                0x00002ca4                __gesf2
                0x00002ca4                __gtsf2
 .text.avr-libc.fplib
                0x00002cae        0x8 c:/program files (x86)/atmel/studio/7.0/toolchain/avr8/avr8-gnu-toolchain/bin/../lib/gcc/avr/5.4.0/../../../../avr/lib/avrxmega3\libm.a(mulsf3.o)
                0x00002cae                __mulsf3
 .text.avr-libc.fplib
                0x00002cb6       0xd2 c:/program files (x86)/atmel/studio/7.0/toolchain/avr8/avr8-gnu-toolchain/bin/../lib/gcc/avr/5.4.0/../../../../avr/lib/avrxmega3\libm.a(mulsf3x.o)
                0x00002cd4                __mulsf3x
                0x00002cda                __mulsf3_pse
 .text.avr-libc
                0x00002d88       0x12 c:/program files (x86)/atmel/studio/7.0/toolchain/avr8/avr8-gnu-toolchain/bin/../lib/gcc/avr/5.4.0/../../../../avr/lib/avrxmega3\libc.a(strcmp.o)
                0x00002d88                strcmp
 .text.avr-libc
                0x00002d9a        0xe c:/program files (x86)/atmel/studio/7.0/toolchain/avr8/avr8-gnu-toolchain/bin/../lib/gcc/avr/5.4.0/../../../../avr/lib/avrxmega3\libc.a(strcpy.o)
                0x00002d9a                strcpy
 .text.avr-libc
                0x00002da8       0x1e c:/program files (x86)/atmel/studio/7.0/toolchain/avr8/avr8-gnu-toolchain/bin/../lib/gcc/avr/5.4.0/../../../../avr/lib/avrxmega3\libc.a(strncpy.o)
                0x00002da8                strncpy
 .text.avr-libc
                0x00002dc6       0x2c c:/program files (x86)/atmel/studio/7.0/toolchain/avr8/avr8-gnu-toolchain/bin/../lib/gcc/avr/5.4.0/../../../../avr/lib/avrxmega3\libc.a(printf.o)
                0x00002dc6                printf
 .text.avr-libc
                0x00002df2       0x60 c:/program files (x86)/atmel/studio/7.0/toolchain/avr8/avr8-gnu-toolchain/bin/../lib/gcc/avr/5.4.0/../../../../avr/lib/avrxmega3\libc.a(snprintf.o)
                0x00002df2                snprintf
 .text.avr-libc
                0x00002e52      0x3c2 c:/program files (x86)/atmel/studio/7.0/toolchain/avr8/avr8-gnu-toolchain/bin/../lib/gcc/avr/5.4.0/../../../../avr/lib/avrxmega3\libc.a(vfprintf_std.o)
                0x00002e52                vfprintf
 .text.avr-libc
                0x00003214       0x16 c:/program files (x86)/atmel/studio/7.0/toolchain/avr8/avr8-gnu-toolchain/bin/../lib/gcc/avr/5.4.0/../../../../avr/lib/avrxmega3\libc.a(strnlen_P.o)
                0x00003214                strnlen_P
 .text.avr-libc
                0x0000322a       0x16 c:/program files (x86)/atmel/studio/7.0/toolchain/avr8/avr8-gnu-toolchain/bin/../lib/gcc/avr/5.4.0/../../../../avr/lib/avrxmega3\libc.a(strnlen.o)
                0x0000322a                strnlen
 .text.avr-libc
                0x00003240       0x78 c:/program files (x86)/atmel/studio/7.0/toolchain/avr8/avr8-gnu-toolchain/bin/../lib/gcc/avr/5.4.0/../../../../avr/lib/avrxmega3\libc.a(fputc.o)
                0x00003240                fputc
 .text.avr-libc
                0x000032b8       0xbc c:/program files (x86)/atmel/studio/7.0/toolchain/avr8/avr8-gnu-toolchain/bin/../lib/gcc/avr/5.4.0/../../../../avr/lib/avrxmega3\libc.a(ultoa_invert.o)
                0x000032b8                __ultoa_invert
 .text.libgcc.prologue
                0x00003374       0x32 c:/program files (x86)/atmel/studio/7.0/toolchain/avr8/avr8-gnu-toolchain/bin/../lib/gcc/avr/5.4.0/avrxmega3\libgcc.a(_prologue.o)
                0x00003374                __prologue_saves__
 .text.libgcc.prologue
                0x000033a6       0x30 c:/program files (x86)/atmel/studio/7.0/toolchain/avr8/avr8-gnu-toolchain/bin/../lib/gcc/avr/5.4.0/avrxmega3\libgcc.a(_epilogue.o)
                0x000033a6                __epilogue_restores__
                0x000033d6                . = ALIGN (0x2)
 *(.fini9)
 .fini9         0x000033d6        0x0 c:/program files (x86)/atmel/studio/7.0/toolchain/avr8/avr8-gnu-toolchain/bin/../lib/gcc/avr/5.4.0/avrxmega3\libgcc.a(_exit.o)
                0x000033d6                _exit
                0x000033d6                exit
 *(.fini9)
 *(.fini8)
 *(.fini8)
 *(.fini7)
 *(.fini7)
 *(.fini6)
 *(.fini6)
 *(.fini5)
 *(.fini5)
 *(.fini4)
 *(.fini4)
 *(.fini3)
 *(.fini3)
 *(.fini2)
 *(.fini2)
 *(.fini1)
 *(.fini1)
 *(.fini0)
 .fini0         0x000033d6        0x4 c:/program files (x86)/atmel/studio/7.0/toolchain/avr8/avr8-gnu-toolchain/bin/../lib/gcc/avr/5.4.0/avrxmega3\libgcc.a(_exit.o)
 *(.fini0)
                0x000033da                _etext = .

.rodata         0x000073da      0x101 load address 0x000033da
 *(.rodata)
 .rodata        0x000073da       0x2b lora_handling.o
 .rodata        0x00007405       0x1e main.o
 *(.rodata*)
 .rodata.my_deveui
                0x00007423       0x11 lora_handling.o
                0x00007423                my_deveui
 .rodata.my_appeui
                0x00007434       0x11 lora_handling.o
                0x00007434                my_appeui
 .rodata.my_appkey
                0x00007445       0x21 lora_handling.o
                0x00007445                my_appkey
 .rodata.RN_cmd_deveui
                0x00007466        0xf lora_handling.o
                0x00007466                RN_cmd_deveui
 .rodata.RN_cmd_appeui
                0x00007475        0xf lora_handling.o
                0x00007475                RN_cmd_appeui
 .rodata.RN_cmd_appkey
                0x00007484        0xf lora_handling.o
                0x00007484                RN_cmd_appkey
 .rodata.RN_cmd_join_otaa
                0x00007493        0xe lora_handling.o
                0x00007493                RN_cmd_join_otaa
 .rodata.RN_cmd_mac_get
                0x000074a1        0x8 lora_handling.o
                0x000074a1                RN_cmd_mac_get
 .rodata.band   0x000074a9        0x5 lora_handling.o
                0x000074a9                band
 .rodata.status
                0x000074ae        0x7 lora_handling.o
                0x000074ae                status
 .rodata.RN_cmd_mac_save
                0x000074b5        0x9 lora_handling.o
                0x000074b5                RN_cmd_mac_save
 .rodata.RN_cmd_mac_set_dr
                0x000074be        0xd lora_handling.o
                0x000074be                RN_cmd_mac_set_dr
 .rodata.RN_cmd_mac_tx
                0x000074cb        0x7 lora_handling.o
                0x000074cb                RN_cmd_mac_tx
 .rodata.unconfirmed_transmission
                0x000074d2        0x9 lora_handling.o
                0x000074d2                unconfirmed_transmission
 *(.gnu.linkonce.r*)

.data           0x00802800       0x48 load address 0x000034db
                0x00802800                PROVIDE (__data_start, .)
 *(.data)
 *(.data*)
 .data.I2C_MASTER_fsmStateTable
                0x00802800       0x24 src/i2c_master.o
                0x00802800                I2C_MASTER_fsmStateTable
 .data.LoRa_stream
                0x00802824        0xe src/usart_basic.o
                0x00802824                LoRa_stream
 .data.LoRa_rx_isr_cb
                0x00802832        0x2 src/usart_basic.o
                0x00802832                LoRa_rx_isr_cb
 .data.LoRa_udre_isr_cb
                0x00802834        0x2 src/usart_basic.o
                0x00802834                LoRa_udre_isr_cb
 .data.Terminal_stream
                0x00802836        0xe src/usart_basic.o
                0x00802836                Terminal_stream
 .data.Terminal_rx_isr_cb
                0x00802844        0x2 src/usart_basic.o
                0x00802844                Terminal_rx_isr_cb
 .data.Terminal_udre_isr_cb
                0x00802846        0x2 src/usart_basic.o
                0x00802846                Terminal_udre_isr_cb
 *(.gnu.linkonce.d*)
                0x00802848                . = ALIGN (0x2)
                0x00802848                _edata = .
                0x00802848                PROVIDE (__data_end, .)

.bss            0x00802848      0x1ac
                0x00802848                PROVIDE (__bss_start, .)
 *(.bss)
 *(.bss*)
 .bss.has_entered_low_power_at_least_once
                0x00802848        0x1 low_power.o
                0x00802848                has_entered_low_power_at_least_once
 .bss.transmission_command.4505
                0x00802849        0xf main.o
 .bss.I2C_MASTER_status
                0x00802858       0x24 src/i2c_master.o
                0x00802858                I2C_MASTER_status
 .bss.LoRa2ResponseIndex
                0x0080287c        0x1 src/lora2_click.o
                0x0080287c                LoRa2ResponseIndex
 .bss.LoRa2ResponseBuffer
                0x0080287d       0x23 src/lora2_click.o
                0x0080287d                LoRa2ResponseBuffer
 .bss.LoRa_rxbuf
                0x008028a0        0x8 src/usart_basic.o
 .bss.LoRa_rx_head
                0x008028a8        0x1 src/usart_basic.o
 .bss.LoRa_rx_tail
                0x008028a9        0x1 src/usart_basic.o
 .bss.LoRa_rx_elements
                0x008028aa        0x1 src/usart_basic.o
 .bss.LoRa_txbuf
                0x008028ab        0x8 src/usart_basic.o
 .bss.LoRa_tx_head
                0x008028b3        0x1 src/usart_basic.o
 .bss.LoRa_tx_tail
                0x008028b4        0x1 src/usart_basic.o
 .bss.LoRa_tx_elements
                0x008028b5        0x1 src/usart_basic.o
 .bss.Terminal_rxbuf
                0x008028b6        0x8 src/usart_basic.o
 .bss.Terminal_rx_head
                0x008028be        0x1 src/usart_basic.o
 .bss.Terminal_rx_tail
                0x008028bf        0x1 src/usart_basic.o
 .bss.Terminal_rx_elements
                0x008028c0        0x1 src/usart_basic.o
 .bss.Terminal_txbuf
                0x008028c1        0x8 src/usart_basic.o
 .bss.Terminal_tx_head
                0x008028c9        0x1 src/usart_basic.o
 .bss.Terminal_tx_tail
                0x008028ca        0x1 src/usart_basic.o
 .bss.Terminal_tx_elements
                0x008028cb        0x1 src/usart_basic.o
 *(COMMON)
 COMMON         0x008028cc       0xf0 lora_handling.o
                0x008028cc                response
                0x008028f4                complete_command
                0x00802958                transmission_command
 COMMON         0x008029bc       0x32 main.o
                0x008029bc                sensor_data
                0x008029da                command
                0x008029dc                temperature
                0x008029e0                humidity
                0x008029e4                reply
 COMMON         0x008029ee        0x6 c:/program files (x86)/atmel/studio/7.0/toolchain/avr8/avr8-gnu-toolchain/bin/../lib/gcc/avr/5.4.0/../../../../avr/lib/avrxmega3\libc.a(iob.o)
                0x008029ee                __iob
                0x008029f4                PROVIDE (__bss_end, .)
                0x000034db                __data_load_start = LOADADDR (.data)
                0x00003523                __data_load_end = (__data_load_start + SIZEOF (.data))

.noinit         0x008029f4        0x0
                [!provide]                PROVIDE (__noinit_start, .)
 *(.noinit*)
                [!provide]                PROVIDE (__noinit_end, .)
                0x008029f4                _end = .
                [!provide]                PROVIDE (__heap_start, .)

.eeprom         0x00810000        0x0
 *(.eeprom*)
                0x00810000                __eeprom_end = .

.fuse
 *(.fuse)
 *(.lfuse)
 *(.hfuse)
 *(.efuse)

.lock
 *(.lock*)

.signature
 *(.signature*)

.user_signatures
 *(.user_signatures*)

.stab
 *(.stab)

.stabstr
 *(.stabstr)

.stab.excl
 *(.stab.excl)

.stab.exclstr
 *(.stab.exclstr)

.stab.index
 *(.stab.index)

.stab.indexstr
 *(.stab.indexstr)

.comment        0x00000000       0x5c
 *(.comment)
 .comment       0x00000000       0x30 atmel_start.o
                                 0x31 (size before relaxing)
 .comment       0x00000030       0x31 driver_isr.o
 .comment       0x00000030       0x31 lora_handling.o
 .comment       0x00000030       0x31 low_power.o
 .comment       0x00000030       0x31 main.o
 .comment       0x00000030       0x31 src/bod.o
 .comment       0x00000030       0x31 src/clkctrl.o
 .comment       0x00000030       0x31 src/cpuint.o
 .comment       0x00000030       0x31 src/driver_init.o
 .comment       0x00000030       0x31 src/driver_rn2903.o
 .comment       0x00000030       0x31 src/i2c_master.o
 .comment       0x00000030       0x31 src/i2c_simple_master.o
 .comment       0x00000030       0x31 src/i2c_types.o
 .comment       0x00000030       0x31 src/lora2_click.o
 .comment       0x00000030       0x31 src/slpctrl.o
 .comment       0x00000030       0x31 src/tcb.o
 .comment       0x00000030       0x31 src/usart_basic.o
 .comment       0x00000030       0x31 c:/program files (x86)/atmel/studio/7.0/toolchain/avr8/avr8-gnu-toolchain/bin/../lib/gcc/avr/5.4.0/../../../../avr/lib/avrxmega3\libc.a(iob.o)
 .comment       0x00000030       0x31 c:/program files (x86)/atmel/studio/7.0/toolchain/avr8/avr8-gnu-toolchain/bin/../lib/gcc/avr/5.4.0/../../../../avr/lib/avrxmega3\libc.a(printf.o)
 .comment       0x00000030       0x31 c:/program files (x86)/atmel/studio/7.0/toolchain/avr8/avr8-gnu-toolchain/bin/../lib/gcc/avr/5.4.0/../../../../avr/lib/avrxmega3\libc.a(snprintf.o)
 .comment       0x00000030       0x2c c:/program files (x86)/atmel/studio/7.0/toolchain/avr8/avr8-gnu-toolchain/bin/../lib/gcc/avr/5.4.0/../../../../avr/lib/avrxmega3\libc.a(vfprintf_std.o)
                                 0x2d (size before relaxing)
 .comment       0x0000005c       0x31 c:/program files (x86)/atmel/studio/7.0/toolchain/avr8/avr8-gnu-toolchain/bin/../lib/gcc/avr/5.4.0/../../../../avr/lib/avrxmega3\libc.a(fputc.o)

.note.gnu.avr.deviceinfo
                0x00000000       0x40
 .note.gnu.avr.deviceinfo
                0x00000000       0x40 C:/Program Files (x86)/Atmel/Studio/7.0/Packs/Atmel/ATmega_DFP/1.3.300/gcc/dev/atmega4809/avrxmega3/crtatmega4809.o

.note.gnu.build-id
 *(.note.gnu.build-id)

.debug
 *(.debug)

.line
 *(.line)

.debug_srcinfo
 *(.debug_srcinfo)

.debug_sfnames
 *(.debug_sfnames)

.debug_aranges  0x00000000      0x6e8
 *(.debug_aranges)
 .debug_aranges
                0x00000000       0x20 atmel_start.o
 .debug_aranges
                0x00000020       0x20 driver_isr.o
 .debug_aranges
                0x00000040       0x50 lora_handling.o
 .debug_aranges
                0x00000090       0x50 low_power.o
 .debug_aranges
                0x000000e0       0x28 main.o
 .debug_aranges
                0x00000108       0x20 src/bod.o
 .debug_aranges
                0x00000128       0x28 src/clkctrl.o
 .debug_aranges
                0x00000150       0x20 src/cpuint.o
 .debug_aranges
                0x00000170      0x158 src/driver_init.o
 .debug_aranges
                0x000002c8       0x60 src/driver_rn2903.o
 .debug_aranges
                0x00000328      0x148 src/i2c_master.o
 .debug_aranges
                0x00000470       0x78 src/i2c_simple_master.o
 .debug_aranges
                0x000004e8       0x38 src/i2c_types.o
 .debug_aranges
                0x00000520       0x40 src/lora2_click.o
 .debug_aranges
                0x00000560       0x20 src/protected_io.o
 .debug_aranges
                0x00000580       0x20 src/slpctrl.o
 .debug_aranges
                0x000005a0       0x20 src/tcb.o
 .debug_aranges
                0x000005c0      0x128 src/usart_basic.o

.debug_pubnames
 *(.debug_pubnames)

.debug_info     0x00000000     0x661b
 *(.debug_info .gnu.linkonce.wi.*)
 .debug_info    0x00000000     0x249d C:/Program Files (x86)/Atmel/Studio/7.0/Packs/Atmel/ATmega_DFP/1.3.300/gcc/dev/atmega4809/avrxmega3/crtatmega4809.o
 .debug_info    0x0000249d       0x86 atmel_start.o
 .debug_info    0x00002523      0x220 driver_isr.o
 .debug_info    0x00002743      0x4f2 lora_handling.o
 .debug_info    0x00002c35      0x589 low_power.o
 .debug_info    0x000031be      0x3b4 main.o
 .debug_info    0x00003572       0x8d src/bod.o
 .debug_info    0x000035ff      0x34c src/clkctrl.o
 .debug_info    0x0000394b       0x8d src/cpuint.o
 .debug_info    0x000039d8      0xae6 src/driver_init.o
 .debug_info    0x000044be      0x263 src/driver_rn2903.o
 .debug_info    0x00004721      0xa3f src/i2c_master.o
 .debug_info    0x00005160      0x417 src/i2c_simple_master.o
 .debug_info    0x00005577      0x142 src/i2c_types.o
 .debug_info    0x000056b9      0x25b src/lora2_click.o
 .debug_info    0x00005914       0x8b src/protected_io.o
 .debug_info    0x0000599f       0x8d src/slpctrl.o
 .debug_info    0x00005a2c      0x24b src/tcb.o
 .debug_info    0x00005c77      0x9a4 src/usart_basic.o

.debug_abbrev   0x00000000     0x3656
 *(.debug_abbrev)
 .debug_abbrev  0x00000000     0x22a8 C:/Program Files (x86)/Atmel/Studio/7.0/Packs/Atmel/ATmega_DFP/1.3.300/gcc/dev/atmega4809/avrxmega3/crtatmega4809.o
 .debug_abbrev  0x000022a8       0x44 atmel_start.o
 .debug_abbrev  0x000022ec       0xc7 driver_isr.o
 .debug_abbrev  0x000023b3      0x148 lora_handling.o
 .debug_abbrev  0x000024fb      0x146 low_power.o
 .debug_abbrev  0x00002641       0xf6 main.o
 .debug_abbrev  0x00002737       0x51 src/bod.o
 .debug_abbrev  0x00002788       0xcb src/clkctrl.o
 .debug_abbrev  0x00002853       0x51 src/cpuint.o
 .debug_abbrev  0x000028a4      0x1c4 src/driver_init.o
 .debug_abbrev  0x00002a68      0x15a src/driver_rn2903.o
 .debug_abbrev  0x00002bc2      0x2e2 src/i2c_master.o
 .debug_abbrev  0x00002ea4      0x130 src/i2c_simple_master.o
 .debug_abbrev  0x00002fd4       0x9d src/i2c_types.o
 .debug_abbrev  0x00003071      0x167 src/lora2_click.o
 .debug_abbrev  0x000031d8       0x14 src/protected_io.o
 .debug_abbrev  0x000031ec       0x51 src/slpctrl.o
 .debug_abbrev  0x0000323d       0xe1 src/tcb.o
 .debug_abbrev  0x0000331e      0x338 src/usart_basic.o

.debug_line     0x00000000     0x32bb
 *(.debug_line .debug_line.* .debug_line_end)
 .debug_line    0x00000000      0x187 C:/Program Files (x86)/Atmel/Studio/7.0/Packs/Atmel/ATmega_DFP/1.3.300/gcc/dev/atmega4809/avrxmega3/crtatmega4809.o
 .debug_line    0x00000187       0x4a atmel_start.o
 .debug_line    0x000001d1      0x10d driver_isr.o
 .debug_line    0x000002de      0x30f lora_handling.o
 .debug_line    0x000005ed      0x244 low_power.o
 .debug_line    0x00000831      0x32b main.o
 .debug_line    0x00000b5c       0xa8 src/bod.o
 .debug_line    0x00000c04      0x14a src/clkctrl.o
 .debug_line    0x00000d4e       0xb1 src/cpuint.o
 .debug_line    0x00000dff      0x897 src/driver_init.o
 .debug_line    0x00001696      0x26a src/driver_rn2903.o
 .debug_line    0x00001900      0x8d5 src/i2c_master.o
 .debug_line    0x000021d5      0x45f src/i2c_simple_master.o
 .debug_line    0x00002634       0xba src/i2c_types.o
 .debug_line    0x000026ee      0x25a src/lora2_click.o
 .debug_line    0x00002948       0x55 src/protected_io.o
 .debug_line    0x0000299d       0xac src/slpctrl.o
 .debug_line    0x00002a49      0x11a src/tcb.o
 .debug_line    0x00002b63      0x758 src/usart_basic.o

.debug_frame    0x00000000     0x1794
 *(.debug_frame)
 .debug_frame   0x00000000       0x34 atmel_start.o
 .debug_frame   0x00000034       0x54 driver_isr.o
 .debug_frame   0x00000088       0xf4 lora_handling.o
 .debug_frame   0x0000017c       0xf4 low_power.o
 .debug_frame   0x00000270       0x54 main.o
 .debug_frame   0x000002c4       0x34 src/bod.o
 .debug_frame   0x000002f8       0x54 src/clkctrl.o
 .debug_frame   0x0000034c       0x34 src/cpuint.o
 .debug_frame   0x00000380      0x514 src/driver_init.o
 .debug_frame   0x00000894      0x134 src/driver_rn2903.o
 .debug_frame   0x000009c8      0x524 src/i2c_master.o
 .debug_frame   0x00000eec      0x194 src/i2c_simple_master.o
 .debug_frame   0x00001080       0x94 src/i2c_types.o
 .debug_frame   0x00001114       0xb4 src/lora2_click.o
 .debug_frame   0x000011c8       0x34 src/slpctrl.o
 .debug_frame   0x000011fc       0x34 src/tcb.o
 .debug_frame   0x00001230      0x564 src/usart_basic.o

.debug_str      0x00000000     0x2e04
 *(.debug_str)
 .debug_str     0x00000000      0xf8b C:/Program Files (x86)/Atmel/Studio/7.0/Packs/Atmel/ATmega_DFP/1.3.300/gcc/dev/atmega4809/avrxmega3/crtatmega4809.o
 .debug_str     0x00000f8b      0x15f atmel_start.o
                                0x198 (size before relaxing)
 .debug_str     0x000010ea       0xd1 driver_isr.o
                                0x258 (size before relaxing)
 .debug_str     0x000011bb      0x240 lora_handling.o
                                0x3e8 (size before relaxing)
 .debug_str     0x000013fb      0x39b low_power.o
                                0x63a (size before relaxing)
 .debug_str     0x00001796       0xb6 main.o
                                0x25c (size before relaxing)
 .debug_str     0x0000184c       0x16 src/bod.o
                                0x18c (size before relaxing)
 .debug_str     0x00001862       0x30 src/clkctrl.o
                                0x48d (size before relaxing)
 .debug_str     0x00001892       0x1c src/cpuint.o
                                0x192 (size before relaxing)
 .debug_str     0x000018ae      0x472 src/driver_init.o
                                0x6cf (size before relaxing)
 .debug_str     0x00001d20       0x89 src/driver_rn2903.o
                                0x27f (size before relaxing)
 .debug_str     0x00001da9      0x80c src/i2c_master.o
                                0xac8 (size before relaxing)
 .debug_str     0x000025b5      0x196 src/i2c_simple_master.o
                                0x3b5 (size before relaxing)
 .debug_str     0x0000274b       0x63 src/i2c_types.o
                                0x222 (size before relaxing)
 .debug_str     0x000027ae       0xb0 src/lora2_click.o
                                0x29e (size before relaxing)
 .debug_str     0x0000285e       0x1e src/slpctrl.o
                                0x194 (size before relaxing)
 .debug_str     0x0000287c       0x6b src/tcb.o
                                0x2a7 (size before relaxing)
 .debug_str     0x000028e7      0x51d src/usart_basic.o
                                0x71c (size before relaxing)

.debug_loc      0x00000000     0x2f36
 *(.debug_loc)
 .debug_loc     0x00000000       0x3b atmel_start.o
 .debug_loc     0x0000003b       0x96 driver_isr.o
 .debug_loc     0x000000d1      0x1de lora_handling.o
 .debug_loc     0x000002af      0x19d low_power.o
 .debug_loc     0x0000044c       0x8e main.o
 .debug_loc     0x000004da       0x3b src/bod.o
 .debug_loc     0x00000515       0x83 src/clkctrl.o
 .debug_loc     0x00000598       0x3b src/cpuint.o
 .debug_loc     0x000005d3      0xafe src/driver_init.o
 .debug_loc     0x000010d1      0x26e src/driver_rn2903.o
 .debug_loc     0x0000133f      0xa54 src/i2c_master.o
 .debug_loc     0x00001d93      0x35c src/i2c_simple_master.o
 .debug_loc     0x000020ef      0x120 src/i2c_types.o
 .debug_loc     0x0000220f      0x14d src/lora2_click.o
 .debug_loc     0x0000235c       0x3b src/slpctrl.o
 .debug_loc     0x00002397       0x3b src/tcb.o
 .debug_loc     0x000023d2      0xb64 src/usart_basic.o

.debug_macinfo
 *(.debug_macinfo)

.debug_weaknames
 *(.debug_weaknames)

.debug_funcnames
 *(.debug_funcnames)

.debug_typenames
 *(.debug_typenames)

.debug_varnames
 *(.debug_varnames)

.debug_pubtypes
 *(.debug_pubtypes)

.debug_ranges   0x00000000      0x5b8
 *(.debug_ranges)
 .debug_ranges  0x00000000       0x10 atmel_start.o
 .debug_ranges  0x00000010       0x10 driver_isr.o
 .debug_ranges  0x00000020       0x40 lora_handling.o
 .debug_ranges  0x00000060       0x40 low_power.o
 .debug_ranges  0x000000a0       0x18 main.o
 .debug_ranges  0x000000b8       0x10 src/bod.o
 .debug_ranges  0x000000c8       0x18 src/clkctrl.o
 .debug_ranges  0x000000e0       0x10 src/cpuint.o
 .debug_ranges  0x000000f0      0x148 src/driver_init.o
 .debug_ranges  0x00000238       0x50 src/driver_rn2903.o
 .debug_ranges  0x00000288      0x138 src/i2c_master.o
 .debug_ranges  0x000003c0       0x68 src/i2c_simple_master.o
 .debug_ranges  0x00000428       0x28 src/i2c_types.o
 .debug_ranges  0x00000450       0x30 src/lora2_click.o
 .debug_ranges  0x00000480       0x10 src/slpctrl.o
 .debug_ranges  0x00000490       0x10 src/tcb.o
 .debug_ranges  0x000004a0      0x118 src/usart_basic.o

.debug_macro
 *(.debug_macro)
OUTPUT(LoRa_ATMega4809.elf elf32-avr)
LOAD linker stubs
